******************************************************************************
                  TI ARM Linker PC v20.2.5                     
******************************************************************************
>> Linked Tue Aug 17 16:56:38 2021

OUTPUT FILE NAME:   <1.uart_tivac.out>
ENTRY POINT SYMBOL: "_c_int00_noinit_noargs"  address: 00000801


MEMORY CONFIGURATION

         name            origin    length      used     unused   attr    fill
----------------------  --------  ---------  --------  --------  ----  --------
  FLASH                 00000000   00040000  00000884  0003f77c  R  X
  SRAM                  20000000   00008000  00000200  00007e00  RW X


SEGMENT ALLOCATION MAP

run origin  load origin   length   init length attrs members
----------  ----------- ---------- ----------- ----- -------
00000000    00000000    00000884   00000884    r-x
  00000000    00000000    0000026c   0000026c    r-- .intvecs
  0000026c    0000026c    00000610   00000610    r-x .text
  0000087c    0000087c    00000008   00000008    r-- .const
20000000    20000000    00000200   00000000    rw-
  20000000    20000000    00000200   00000000    rw- .stack


SECTION ALLOCATION MAP

 output                                  attributes/
section   page    origin      length       input sections
--------  ----  ----------  ----------   ----------------
.intvecs   0    00000000    0000026c     
                  00000000    0000026c     tm4c123gh6pm_startup_ccs.obj (.intvecs)

.text      0    0000026c    00000610     
                  0000026c    00000220     uart.obj (.text)
                  0000048c    000001b6     rtsv7M4_T_le_v4SPD16_eabi.lib : fd_add_t2.asm.obj (.text)
                  00000642    000000fc                                   : fd_mul_t2.asm.obj (.text)
                  0000073e    00000002     --HOLE-- [fill = 0]
                  00000740    0000007c     PLL.obj (.text)
                  000007bc    00000044     rtsv7M4_T_le_v4SPD16_eabi.lib : fd_tou_t2.asm.obj (.text)
                  00000800    0000002c                                   : boot_cortex_m.c.obj (.text:_c_int00_noinit_noargs:_c_int00_noinit_noargs)
                  0000082c    00000020                                   : u_tofd_t2.asm.obj (.text)
                  0000084c    0000001c     main.obj (.text)
                  00000868    0000000c     tm4c123gh6pm_startup_ccs.obj (.text)
                  00000874    00000004     rtsv7M4_T_le_v4SPD16_eabi.lib : pre_init.c.obj (.text:_system_pre_init)
                  00000878    00000004                                   : exit.c.obj (.text:abort:abort)

.const     0    0000087c    00000008     
                  0000087c    00000008     main.obj (.const:$P$T0$1)

.cinit     0    00000000    00000000     UNINITIALIZED

.init_array 
*          0    00000000    00000000     UNINITIALIZED

.stack     0    20000000    00000200     UNINITIALIZED
                  20000000    00000004     rtsv7M4_T_le_v4SPD16_eabi.lib : boot_cortex_m.c.obj (.stack)
                  20000004    000001fc     --HOLE--

__llvm_prf_cnts 
*          0    20000000    00000000     UNINITIALIZED

MODULE SUMMARY

       Module                         code   ro data   rw data
       ------                         ----   -------   -------
    .\
       tm4c123gh6pm_startup_ccs.obj   12     620       0      
       uart.obj                       544    0         0      
       PLL.obj                        124    0         0      
       main.obj                       28     8         0      
    +--+------------------------------+------+---------+---------+
       Total:                         708    628       0      
                                                              
    C:\ti\ccs1031\ccs\tools\compiler\ti-cgt-arm_20.2.5.LTS\lib\rtsv7M4_T_le_v4SPD16_eabi.lib
       fd_add_t2.asm.obj              438    0         0      
       fd_mul_t2.asm.obj              252    0         0      
       fd_tou_t2.asm.obj              68     0         0      
       boot_cortex_m.c.obj            44     0         0      
       u_tofd_t2.asm.obj              32     0         0      
       exit.c.obj                     4      0         0      
       pre_init.c.obj                 4      0         0      
    +--+------------------------------+------+---------+---------+
       Total:                         842    0         0      
                                                              
       Stack:                         0      0         512    
    +--+------------------------------+------+---------+---------+
       Grand Total:                   1550   628       512    


GLOBAL SYMBOLS: SORTED ALPHABETICALLY BY Name 

address   name                   
-------   ----                   
00000879  C$$EXIT                
00000741  PLL_Init               
00000869  ResetISR               
000003f5  UART0_Handler          
0000026d  UART_init              
000003cd  UART_recieveByte       
000003a7  UART_sendByte          
20000200  __STACK_END            
00000200  __STACK_SIZE           
20000200  __STACK_TOP            
ffffffff  __TI_pprof_out_hndl    
ffffffff  __TI_prof_data_size    
ffffffff  __TI_prof_data_start   
00000000  __TI_static_base__     
000007bd  __aeabi_d2uiz          
00000497  __aeabi_dadd           
00000643  __aeabi_dmul           
0000048d  __aeabi_dsub           
0000082d  __aeabi_ui2d           
ffffffff  __binit__              
ffffffff  __c_args__             
UNDEFED   __mpu_init             
20000000  __stack                
20000000  __start___llvm_prf_cnts
20000000  __stop___llvm_prf_cnts 
00000801  _c_int00_noinit_noargs 
00000875  _system_pre_init       
00000879  abort                  
ffffffff  binit                  
00000000  g_pfnVectors           
0000084d  main                   


GLOBAL SYMBOLS: SORTED BY Symbol Address 

address   name                   
-------   ----                   
00000000  __TI_static_base__     
00000000  g_pfnVectors           
00000200  __STACK_SIZE           
0000026d  UART_init              
000003a7  UART_sendByte          
000003cd  UART_recieveByte       
000003f5  UART0_Handler          
0000048d  __aeabi_dsub           
00000497  __aeabi_dadd           
00000643  __aeabi_dmul           
00000741  PLL_Init               
000007bd  __aeabi_d2uiz          
00000801  _c_int00_noinit_noargs 
0000082d  __aeabi_ui2d           
0000084d  main                   
00000869  ResetISR               
00000875  _system_pre_init       
00000879  C$$EXIT                
00000879  abort                  
20000000  __stack                
20000000  __start___llvm_prf_cnts
20000000  __stop___llvm_prf_cnts 
20000200  __STACK_END            
20000200  __STACK_TOP            
ffffffff  __TI_pprof_out_hndl    
ffffffff  __TI_prof_data_size    
ffffffff  __TI_prof_data_start   
ffffffff  __binit__              
ffffffff  __c_args__             
ffffffff  binit                  
UNDEFED   __mpu_init             

[31 symbols]
