<?xml version="1.0" encoding="ISO-8859-1" ?>
<link_info>
   <banner>TI ARM Linker PC v20.2.5.LTS</banner>
   <copyright>Copyright (c) 1996-2018 Texas Instruments Incorporated</copyright>
   <link_time>0x60bbb70d</link_time>
   <link_errors>0x0</link_errors>
   <output_file>Fisrt Delivery.out</output_file>
   <entry_point>
      <name>_c_int00_noargs</name>
      <address>0x8bc9</address>
   </entry_point>
   <input_file_list>
      <input_file id="fl-2">
         <path>.\</path>
         <kind>object</kind>
         <file>FAT32.obj</file>
         <name>FAT32.obj</name>
      </input_file>
      <input_file id="fl-3">
         <path>.\</path>
         <kind>object</kind>
         <file>PLL.obj</file>
         <name>PLL.obj</name>
      </input_file>
      <input_file id="fl-4">
         <path>.\</path>
         <kind>object</kind>
         <file>SD.obj</file>
         <name>SD.obj</name>
      </input_file>
      <input_file id="fl-5">
         <path>.\</path>
         <kind>object</kind>
         <file>gpio.obj</file>
         <name>gpio.obj</name>
      </input_file>
      <input_file id="fl-6">
         <path>.\</path>
         <kind>object</kind>
         <file>gps.obj</file>
         <name>gps.obj</name>
      </input_file>
      <input_file id="fl-7">
         <path>.\</path>
         <kind>object</kind>
         <file>lcd.obj</file>
         <name>lcd.obj</name>
      </input_file>
      <input_file id="fl-8">
         <path>.\</path>
         <kind>object</kind>
         <file>main.obj</file>
         <name>main.obj</name>
      </input_file>
      <input_file id="fl-9">
         <path>.\</path>
         <kind>object</kind>
         <file>spi.obj</file>
         <name>spi.obj</name>
      </input_file>
      <input_file id="fl-a">
         <path>.\</path>
         <kind>object</kind>
         <file>systick.obj</file>
         <name>systick.obj</name>
      </input_file>
      <input_file id="fl-b">
         <path>.\</path>
         <kind>object</kind>
         <file>tm4c123gh6pm_startup_ccs.obj</file>
         <name>tm4c123gh6pm_startup_ccs.obj</name>
      </input_file>
      <input_file id="fl-c">
         <path>.\</path>
         <kind>object</kind>
         <file>uart.obj</file>
         <name>uart.obj</name>
      </input_file>
      <input_file id="fl-10">
         <kind>object</kind>
         <file>&lt;internal&gt;</file>
         <name>&lt;internal&gt;</name>
      </input_file>
      <input_file id="fl-c6">
         <path>C:\ti\ccs1031\ccs\tools\compiler\ti-cgt-arm_20.2.5.LTS\lib\</path>
         <kind>archive</kind>
         <file>rtsv7M4_T_le_v4SPD16_eabi.lib</file>
         <name>sprintf.c.obj</name>
      </input_file>
      <input_file id="fl-c7">
         <path>C:\ti\ccs1031\ccs\tools\compiler\ti-cgt-arm_20.2.5.LTS\lib\</path>
         <kind>archive</kind>
         <file>rtsv7M4_T_le_v4SPD16_eabi.lib</file>
         <name>e_asin.c.obj</name>
      </input_file>
      <input_file id="fl-c8">
         <path>C:\ti\ccs1031\ccs\tools\compiler\ti-cgt-arm_20.2.5.LTS\lib\</path>
         <kind>archive</kind>
         <file>rtsv7M4_T_le_v4SPD16_eabi.lib</file>
         <name>e_atan2.c.obj</name>
      </input_file>
      <input_file id="fl-c9">
         <path>C:\ti\ccs1031\ccs\tools\compiler\ti-cgt-arm_20.2.5.LTS\lib\</path>
         <kind>archive</kind>
         <file>rtsv7M4_T_le_v4SPD16_eabi.lib</file>
         <name>e_pow.c.obj</name>
      </input_file>
      <input_file id="fl-ca">
         <path>C:\ti\ccs1031\ccs\tools\compiler\ti-cgt-arm_20.2.5.LTS\lib\</path>
         <kind>archive</kind>
         <file>rtsv7M4_T_le_v4SPD16_eabi.lib</file>
         <name>e_sqrt.c.obj</name>
      </input_file>
      <input_file id="fl-cb">
         <path>C:\ti\ccs1031\ccs\tools\compiler\ti-cgt-arm_20.2.5.LTS\lib\</path>
         <kind>archive</kind>
         <file>rtsv7M4_T_le_v4SPD16_eabi.lib</file>
         <name>s_atan.c.obj</name>
      </input_file>
      <input_file id="fl-cc">
         <path>C:\ti\ccs1031\ccs\tools\compiler\ti-cgt-arm_20.2.5.LTS\lib\</path>
         <kind>archive</kind>
         <file>rtsv7M4_T_le_v4SPD16_eabi.lib</file>
         <name>s_cos.c.obj</name>
      </input_file>
      <input_file id="fl-cd">
         <path>C:\ti\ccs1031\ccs\tools\compiler\ti-cgt-arm_20.2.5.LTS\lib\</path>
         <kind>archive</kind>
         <file>rtsv7M4_T_le_v4SPD16_eabi.lib</file>
         <name>s_scalbn.c.obj</name>
      </input_file>
      <input_file id="fl-ce">
         <path>C:\ti\ccs1031\ccs\tools\compiler\ti-cgt-arm_20.2.5.LTS\lib\</path>
         <kind>archive</kind>
         <file>rtsv7M4_T_le_v4SPD16_eabi.lib</file>
         <name>s_sin.c.obj</name>
      </input_file>
      <input_file id="fl-cf">
         <path>C:\ti\ccs1031\ccs\tools\compiler\ti-cgt-arm_20.2.5.LTS\lib\</path>
         <kind>archive</kind>
         <file>rtsv7M4_T_le_v4SPD16_eabi.lib</file>
         <name>fd_add_t2.asm.obj</name>
      </input_file>
      <input_file id="fl-d0">
         <path>C:\ti\ccs1031\ccs\tools\compiler\ti-cgt-arm_20.2.5.LTS\lib\</path>
         <kind>archive</kind>
         <file>rtsv7M4_T_le_v4SPD16_eabi.lib</file>
         <name>fd_cmp_t2.asm.obj</name>
      </input_file>
      <input_file id="fl-d1">
         <path>C:\ti\ccs1031\ccs\tools\compiler\ti-cgt-arm_20.2.5.LTS\lib\</path>
         <kind>archive</kind>
         <file>rtsv7M4_T_le_v4SPD16_eabi.lib</file>
         <name>fd_div_t2.asm.obj</name>
      </input_file>
      <input_file id="fl-d2">
         <path>C:\ti\ccs1031\ccs\tools\compiler\ti-cgt-arm_20.2.5.LTS\lib\</path>
         <kind>archive</kind>
         <file>rtsv7M4_T_le_v4SPD16_eabi.lib</file>
         <name>fd_mul_t2.asm.obj</name>
      </input_file>
      <input_file id="fl-d3">
         <path>C:\ti\ccs1031\ccs\tools\compiler\ti-cgt-arm_20.2.5.LTS\lib\</path>
         <kind>archive</kind>
         <file>rtsv7M4_T_le_v4SPD16_eabi.lib</file>
         <name>fd_toi_t2.asm.obj</name>
      </input_file>
      <input_file id="fl-d4">
         <path>C:\ti\ccs1031\ccs\tools\compiler\ti-cgt-arm_20.2.5.LTS\lib\</path>
         <kind>archive</kind>
         <file>rtsv7M4_T_le_v4SPD16_eabi.lib</file>
         <name>fd_tos_t2.asm.obj</name>
      </input_file>
      <input_file id="fl-d5">
         <path>C:\ti\ccs1031\ccs\tools\compiler\ti-cgt-arm_20.2.5.LTS\lib\</path>
         <kind>archive</kind>
         <file>rtsv7M4_T_le_v4SPD16_eabi.lib</file>
         <name>fd_tou_t2.asm.obj</name>
      </input_file>
      <input_file id="fl-d6">
         <path>C:\ti\ccs1031\ccs\tools\compiler\ti-cgt-arm_20.2.5.LTS\lib\</path>
         <kind>archive</kind>
         <file>rtsv7M4_T_le_v4SPD16_eabi.lib</file>
         <name>i_tofd_t2.asm.obj</name>
      </input_file>
      <input_file id="fl-d7">
         <path>C:\ti\ccs1031\ccs\tools\compiler\ti-cgt-arm_20.2.5.LTS\lib\</path>
         <kind>archive</kind>
         <file>rtsv7M4_T_le_v4SPD16_eabi.lib</file>
         <name>memcpy_t2.asm.obj</name>
      </input_file>
      <input_file id="fl-d8">
         <path>C:\ti\ccs1031\ccs\tools\compiler\ti-cgt-arm_20.2.5.LTS\lib\</path>
         <kind>archive</kind>
         <file>rtsv7M4_T_le_v4SPD16_eabi.lib</file>
         <name>u_tofd_t2.asm.obj</name>
      </input_file>
      <input_file id="fl-d9">
         <path>C:\ti\ccs1031\ccs\tools\compiler\ti-cgt-arm_20.2.5.LTS\lib\</path>
         <kind>archive</kind>
         <file>rtsv7M4_T_le_v4SPD16_eabi.lib</file>
         <name>copy_zero_init.c.obj</name>
      </input_file>
      <input_file id="fl-da">
         <path>C:\ti\ccs1031\ccs\tools\compiler\ti-cgt-arm_20.2.5.LTS\lib\</path>
         <kind>archive</kind>
         <file>rtsv7M4_T_le_v4SPD16_eabi.lib</file>
         <name>copy_decompress_none.c.obj</name>
      </input_file>
      <input_file id="fl-db">
         <path>C:\ti\ccs1031\ccs\tools\compiler\ti-cgt-arm_20.2.5.LTS\lib\</path>
         <kind>archive</kind>
         <file>rtsv7M4_T_le_v4SPD16_eabi.lib</file>
         <name>copy_decompress_lzss.c.obj</name>
      </input_file>
      <input_file id="fl-dc">
         <path>C:\ti\ccs1031\ccs\tools\compiler\ti-cgt-arm_20.2.5.LTS\lib\</path>
         <kind>archive</kind>
         <file>rtsv7M4_T_le_v4SPD16_eabi.lib</file>
         <name>atof.c.obj</name>
      </input_file>
      <input_file id="fl-dd">
         <path>C:\ti\ccs1031\ccs\tools\compiler\ti-cgt-arm_20.2.5.LTS\lib\</path>
         <kind>archive</kind>
         <file>rtsv7M4_T_le_v4SPD16_eabi.lib</file>
         <name>strcat.c.obj</name>
      </input_file>
      <input_file id="fl-de">
         <path>C:\ti\ccs1031\ccs\tools\compiler\ti-cgt-arm_20.2.5.LTS\lib\</path>
         <kind>archive</kind>
         <file>rtsv7M4_T_le_v4SPD16_eabi.lib</file>
         <name>strcmp.c.obj</name>
      </input_file>
      <input_file id="fl-df">
         <path>C:\ti\ccs1031\ccs\tools\compiler\ti-cgt-arm_20.2.5.LTS\lib\</path>
         <kind>archive</kind>
         <file>rtsv7M4_T_le_v4SPD16_eabi.lib</file>
         <name>strcpy.c.obj</name>
      </input_file>
      <input_file id="fl-e0">
         <path>C:\ti\ccs1031\ccs\tools\compiler\ti-cgt-arm_20.2.5.LTS\lib\</path>
         <kind>archive</kind>
         <file>rtsv7M4_T_le_v4SPD16_eabi.lib</file>
         <name>strlen.c.obj</name>
      </input_file>
      <input_file id="fl-e1">
         <path>C:\ti\ccs1031\ccs\tools\compiler\ti-cgt-arm_20.2.5.LTS\lib\</path>
         <kind>archive</kind>
         <file>rtsv7M4_T_le_v4SPD16_eabi.lib</file>
         <name>strtod.c.obj</name>
      </input_file>
      <input_file id="fl-e2">
         <path>C:\ti\ccs1031\ccs\tools\compiler\ti-cgt-arm_20.2.5.LTS\lib\</path>
         <kind>archive</kind>
         <file>rtsv7M4_T_le_v4SPD16_eabi.lib</file>
         <name>strtok.c.obj</name>
      </input_file>
      <input_file id="fl-e3">
         <path>C:\ti\ccs1031\ccs\tools\compiler\ti-cgt-arm_20.2.5.LTS\lib\</path>
         <kind>archive</kind>
         <file>rtsv7M4_T_le_v4SPD16_eabi.lib</file>
         <name>k_rem_pio2.c.obj</name>
      </input_file>
      <input_file id="fl-e4">
         <path>C:\ti\ccs1031\ccs\tools\compiler\ti-cgt-arm_20.2.5.LTS\lib\</path>
         <kind>archive</kind>
         <file>rtsv7M4_T_le_v4SPD16_eabi.lib</file>
         <name>errno.c.obj</name>
      </input_file>
      <input_file id="fl-e5">
         <path>C:\ti\ccs1031\ccs\tools\compiler\ti-cgt-arm_20.2.5.LTS\lib\</path>
         <kind>archive</kind>
         <file>rtsv7M4_T_le_v4SPD16_eabi.lib</file>
         <name>boot_cortex_m.c.obj</name>
      </input_file>
      <input_file id="fl-e6">
         <path>C:\ti\ccs1031\ccs\tools\compiler\ti-cgt-arm_20.2.5.LTS\lib\</path>
         <kind>archive</kind>
         <file>rtsv7M4_T_le_v4SPD16_eabi.lib</file>
         <name>_printfi.c.obj</name>
      </input_file>
      <input_file id="fl-e7">
         <path>C:\ti\ccs1031\ccs\tools\compiler\ti-cgt-arm_20.2.5.LTS\lib\</path>
         <kind>archive</kind>
         <file>rtsv7M4_T_le_v4SPD16_eabi.lib</file>
         <name>s_copysign.c.obj</name>
      </input_file>
      <input_file id="fl-e8">
         <path>C:\ti\ccs1031\ccs\tools\compiler\ti-cgt-arm_20.2.5.LTS\lib\</path>
         <kind>archive</kind>
         <file>rtsv7M4_T_le_v4SPD16_eabi.lib</file>
         <name>k_cos.c.obj</name>
      </input_file>
      <input_file id="fl-e9">
         <path>C:\ti\ccs1031\ccs\tools\compiler\ti-cgt-arm_20.2.5.LTS\lib\</path>
         <kind>archive</kind>
         <file>rtsv7M4_T_le_v4SPD16_eabi.lib</file>
         <name>k_sin.c.obj</name>
      </input_file>
      <input_file id="fl-ea">
         <path>C:\ti\ccs1031\ccs\tools\compiler\ti-cgt-arm_20.2.5.LTS\lib\</path>
         <kind>archive</kind>
         <file>rtsv7M4_T_le_v4SPD16_eabi.lib</file>
         <name>s_floor.c.obj</name>
      </input_file>
      <input_file id="fl-eb">
         <path>C:\ti\ccs1031\ccs\tools\compiler\ti-cgt-arm_20.2.5.LTS\lib\</path>
         <kind>archive</kind>
         <file>rtsv7M4_T_le_v4SPD16_eabi.lib</file>
         <name>s_frexp.c.obj</name>
      </input_file>
      <input_file id="fl-ec">
         <path>C:\ti\ccs1031\ccs\tools\compiler\ti-cgt-arm_20.2.5.LTS\lib\</path>
         <kind>archive</kind>
         <file>rtsv7M4_T_le_v4SPD16_eabi.lib</file>
         <name>wcslen.c.obj</name>
      </input_file>
      <input_file id="fl-ed">
         <path>C:\ti\ccs1031\ccs\tools\compiler\ti-cgt-arm_20.2.5.LTS\lib\</path>
         <kind>archive</kind>
         <file>rtsv7M4_T_le_v4SPD16_eabi.lib</file>
         <name>ull_div_t2.asm.obj</name>
      </input_file>
      <input_file id="fl-ee">
         <path>C:\ti\ccs1031\ccs\tools\compiler\ti-cgt-arm_20.2.5.LTS\lib\</path>
         <kind>archive</kind>
         <file>rtsv7M4_T_le_v4SPD16_eabi.lib</file>
         <name>memset_t2.asm.obj</name>
      </input_file>
      <input_file id="fl-ef">
         <path>C:\ti\ccs1031\ccs\tools\compiler\ti-cgt-arm_20.2.5.LTS\lib\</path>
         <kind>archive</kind>
         <file>rtsv7M4_T_le_v4SPD16_eabi.lib</file>
         <name>autoinit.c.obj</name>
      </input_file>
      <input_file id="fl-f0">
         <path>C:\ti\ccs1031\ccs\tools\compiler\ti-cgt-arm_20.2.5.LTS\lib\</path>
         <kind>archive</kind>
         <file>rtsv7M4_T_le_v4SPD16_eabi.lib</file>
         <name>pre_init.c.obj</name>
      </input_file>
      <input_file id="fl-f1">
         <path>C:\ti\ccs1031\ccs\tools\compiler\ti-cgt-arm_20.2.5.LTS\lib\</path>
         <kind>archive</kind>
         <file>rtsv7M4_T_le_v4SPD16_eabi.lib</file>
         <name>cpy_tbl.c.obj</name>
      </input_file>
      <input_file id="fl-f2">
         <path>C:\ti\ccs1031\ccs\tools\compiler\ti-cgt-arm_20.2.5.LTS\lib\</path>
         <kind>archive</kind>
         <file>rtsv7M4_T_le_v4SPD16_eabi.lib</file>
         <name>exit.c.obj</name>
      </input_file>
      <input_file id="fl-f3">
         <path>C:\ti\ccs1031\ccs\tools\compiler\ti-cgt-arm_20.2.5.LTS\lib\</path>
         <kind>archive</kind>
         <file>rtsv7M4_T_le_v4SPD16_eabi.lib</file>
         <name>_lock.c.obj</name>
      </input_file>
      <input_file id="fl-f4">
         <path>C:\ti\ccs1031\ccs\tools\compiler\ti-cgt-arm_20.2.5.LTS\lib\</path>
         <kind>archive</kind>
         <file>rtsv7M4_T_le_v4SPD16_eabi.lib</file>
         <name>_ltoa.c.obj</name>
      </input_file>
      <input_file id="fl-f5">
         <path>C:\ti\ccs1031\ccs\tools\compiler\ti-cgt-arm_20.2.5.LTS\lib\</path>
         <kind>archive</kind>
         <file>rtsv7M4_T_le_v4SPD16_eabi.lib</file>
         <name>args_main.c.obj</name>
      </input_file>
      <input_file id="fl-f6">
         <path>C:\ti\ccs1031\ccs\tools\compiler\ti-cgt-arm_20.2.5.LTS\lib\</path>
         <kind>archive</kind>
         <file>rtsv7M4_T_le_v4SPD16_eabi.lib</file>
         <name>atoi.c.obj</name>
      </input_file>
      <input_file id="fl-f7">
         <path>C:\ti\ccs1031\ccs\tools\compiler\ti-cgt-arm_20.2.5.LTS\lib\</path>
         <kind>archive</kind>
         <file>rtsv7M4_T_le_v4SPD16_eabi.lib</file>
         <name>ctype.c.obj</name>
      </input_file>
      <input_file id="fl-f8">
         <path>C:\ti\ccs1031\ccs\tools\compiler\ti-cgt-arm_20.2.5.LTS\lib\</path>
         <kind>archive</kind>
         <file>rtsv7M4_T_le_v4SPD16_eabi.lib</file>
         <name>memccpy.c.obj</name>
      </input_file>
      <input_file id="fl-f9">
         <path>C:\ti\ccs1031\ccs\tools\compiler\ti-cgt-arm_20.2.5.LTS\lib\</path>
         <kind>archive</kind>
         <file>rtsv7M4_T_le_v4SPD16_eabi.lib</file>
         <name>strchr.c.obj</name>
      </input_file>
      <input_file id="fl-fa">
         <path>C:\ti\ccs1031\ccs\tools\compiler\ti-cgt-arm_20.2.5.LTS\lib\</path>
         <kind>archive</kind>
         <file>rtsv7M4_T_le_v4SPD16_eabi.lib</file>
         <name>strcspn.c.obj</name>
      </input_file>
      <input_file id="fl-fb">
         <path>C:\ti\ccs1031\ccs\tools\compiler\ti-cgt-arm_20.2.5.LTS\lib\</path>
         <kind>archive</kind>
         <file>rtsv7M4_T_le_v4SPD16_eabi.lib</file>
         <name>strspn.c.obj</name>
      </input_file>
      <input_file id="fl-fc">
         <path>C:\ti\ccs1031\ccs\tools\compiler\ti-cgt-arm_20.2.5.LTS\lib\</path>
         <kind>archive</kind>
         <file>rtsv7M4_T_le_v4SPD16_eabi.lib</file>
         <name>div0.asm.obj</name>
      </input_file>
   </input_file_list>
   <object_component_list>
      <object_component id="oc-12">
         <name>.intvecs</name>
         <load_address>0x0</load_address>
         <run_address>0x0</run_address>
         <size>0x26c</size>
         <input_file_ref idref="fl-b"/>
      </object_component>
      <object_component id="oc-101">
         <name>.text</name>
         <load_address>0x26c</load_address>
         <run_address>0x26c</run_address>
         <size>0x1370</size>
         <input_file_ref idref="fl-2"/>
      </object_component>
      <object_component id="oc-f6">
         <name>.text</name>
         <load_address>0x15dc</load_address>
         <run_address>0x15dc</run_address>
         <size>0xd10</size>
         <input_file_ref idref="fl-6"/>
      </object_component>
      <object_component id="oc-e4">
         <name>.text</name>
         <load_address>0x22ec</load_address>
         <run_address>0x22ec</run_address>
         <size>0xd04</size>
         <input_file_ref idref="fl-c"/>
      </object_component>
      <object_component id="oc-23e">
         <name>.text:__TI_printfi</name>
         <load_address>0x2ff0</load_address>
         <run_address>0x2ff0</run_address>
         <size>0xa4e</size>
         <input_file_ref idref="fl-e6"/>
      </object_component>
      <object_component id="oc-3f6">
         <name>.text</name>
         <load_address>0x3a3e</load_address>
         <run_address>0x3a3e</run_address>
         <size>0x2</size>
         <input_file_ref idref="fl-fc"/>
      </object_component>
      <object_component id="oc-1e0">
         <name>.text:pow</name>
         <load_address>0x3a40</load_address>
         <run_address>0x3a40</run_address>
         <size>0x9d0</size>
         <input_file_ref idref="fl-c9"/>
      </object_component>
      <object_component id="oc-282">
         <name>.text:__kernel_rem_pio2</name>
         <load_address>0x4410</load_address>
         <run_address>0x4410</run_address>
         <size>0x738</size>
         <input_file_ref idref="fl-e3"/>
      </object_component>
      <object_component id="oc-1c8">
         <name>.text:sin</name>
         <load_address>0x4b48</load_address>
         <run_address>0x4b48</run_address>
         <size>0x5e0</size>
         <input_file_ref idref="fl-ce"/>
      </object_component>
      <object_component id="oc-1ce">
         <name>.text:cos</name>
         <load_address>0x5128</load_address>
         <run_address>0x5128</run_address>
         <size>0x5dc</size>
         <input_file_ref idref="fl-cc"/>
      </object_component>
      <object_component id="oc-ea">
         <name>.text</name>
         <load_address>0x5704</load_address>
         <run_address>0x5704</run_address>
         <size>0x478</size>
         <input_file_ref idref="fl-4"/>
      </object_component>
      <object_component id="oc-26e">
         <name>.text:strtod</name>
         <load_address>0x5b7c</load_address>
         <run_address>0x5b7c</run_address>
         <size>0x460</size>
         <input_file_ref idref="fl-e1"/>
      </object_component>
      <object_component id="oc-f0">
         <name>.text</name>
         <load_address>0x5fdc</load_address>
         <run_address>0x5fdc</run_address>
         <size>0x3d8</size>
         <input_file_ref idref="fl-7"/>
      </object_component>
      <object_component id="oc-1e6">
         <name>.text:asin</name>
         <load_address>0x63b4</load_address>
         <run_address>0x63b4</run_address>
         <size>0x3d4</size>
         <input_file_ref idref="fl-c7"/>
      </object_component>
      <object_component id="oc-29f">
         <name>.text:atan</name>
         <load_address>0x6788</load_address>
         <run_address>0x6788</run_address>
         <size>0x2ec</size>
         <input_file_ref idref="fl-cb"/>
      </object_component>
      <object_component id="oc-2fa">
         <name>.text:_pconv_a</name>
         <load_address>0x6a74</load_address>
         <run_address>0x6a74</run_address>
         <size>0x270</size>
         <input_file_ref idref="fl-e6"/>
      </object_component>
      <object_component id="oc-ac">
         <name>.text</name>
         <load_address>0x6ce4</load_address>
         <run_address>0x6ce4</run_address>
         <size>0x238</size>
         <input_file_ref idref="fl-8"/>
      </object_component>
      <object_component id="oc-1da">
         <name>.text:atan2</name>
         <load_address>0x6f1c</load_address>
         <run_address>0x6f1c</run_address>
         <size>0x1e4</size>
         <input_file_ref idref="fl-c8"/>
      </object_component>
      <object_component id="oc-2e8">
         <name>.text:_pconv_g</name>
         <load_address>0x7100</load_address>
         <run_address>0x7100</run_address>
         <size>0x1d0</size>
         <input_file_ref idref="fl-e6"/>
      </object_component>
      <object_component id="oc-17a">
         <name>.text</name>
         <load_address>0x72d0</load_address>
         <run_address>0x72d0</run_address>
         <size>0x1b6</size>
         <input_file_ref idref="fl-cf"/>
      </object_component>
      <object_component id="oc-27c">
         <name>.text:__kernel_sin</name>
         <load_address>0x7488</load_address>
         <run_address>0x7488</run_address>
         <size>0x174</size>
         <input_file_ref idref="fl-e9"/>
      </object_component>
      <object_component id="oc-288">
         <name>.text:__kernel_cos</name>
         <load_address>0x75fc</load_address>
         <run_address>0x75fc</run_address>
         <size>0x170</size>
         <input_file_ref idref="fl-e8"/>
      </object_component>
      <object_component id="oc-2d">
         <name>.text</name>
         <load_address>0x776c</load_address>
         <run_address>0x776c</run_address>
         <size>0x168</size>
         <input_file_ref idref="fl-5"/>
      </object_component>
      <object_component id="oc-186">
         <name>.text</name>
         <load_address>0x78d4</load_address>
         <run_address>0x78d4</run_address>
         <size>0x160</size>
         <input_file_ref idref="fl-9"/>
      </object_component>
      <object_component id="oc-1d4">
         <name>.text:sqrt</name>
         <load_address>0x7a34</load_address>
         <run_address>0x7a34</run_address>
         <size>0x158</size>
         <input_file_ref idref="fl-ca"/>
      </object_component>
      <object_component id="oc-2f4">
         <name>.text:_pconv_e</name>
         <load_address>0x7b8c</load_address>
         <run_address>0x7b8c</run_address>
         <size>0x13c</size>
         <input_file_ref idref="fl-e6"/>
      </object_component>
      <object_component id="oc-74">
         <name>.text</name>
         <load_address>0x7cc8</load_address>
         <run_address>0x7cc8</run_address>
         <size>0x138</size>
         <input_file_ref idref="fl-a"/>
      </object_component>
      <object_component id="oc-1b1">
         <name>.text</name>
         <load_address>0x7e00</load_address>
         <run_address>0x7e00</run_address>
         <size>0x136</size>
         <input_file_ref idref="fl-d1"/>
      </object_component>
      <object_component id="oc-39a">
         <name>.text:fcvt</name>
         <load_address>0x7f38</load_address>
         <run_address>0x7f38</run_address>
         <size>0x124</size>
         <input_file_ref idref="fl-e6"/>
      </object_component>
      <object_component id="oc-2aa">
         <name>.text:scalbn</name>
         <load_address>0x805c</load_address>
         <run_address>0x805c</run_address>
         <size>0x110</size>
         <input_file_ref idref="fl-cd"/>
      </object_component>
      <object_component id="oc-17f">
         <name>.text</name>
         <load_address>0x816c</load_address>
         <run_address>0x816c</run_address>
         <size>0xfc</size>
         <input_file_ref idref="fl-d2"/>
      </object_component>
      <object_component id="oc-335">
         <name>.text:floor</name>
         <load_address>0x8268</load_address>
         <run_address>0x8268</run_address>
         <size>0xf8</size>
         <input_file_ref idref="fl-ea"/>
      </object_component>
      <object_component id="oc-2e2">
         <name>.text:_ltostr</name>
         <load_address>0x8360</load_address>
         <run_address>0x8360</run_address>
         <size>0xb1</size>
         <input_file_ref idref="fl-e6"/>
      </object_component>
      <object_component id="oc-41">
         <name>.text</name>
         <load_address>0x8412</load_address>
         <run_address>0x8412</run_address>
         <size>0x9c</size>
         <input_file_ref idref="fl-d7"/>
      </object_component>
      <object_component id="oc-381">
         <name>.text</name>
         <load_address>0x84ae</load_address>
         <run_address>0x84ae</run_address>
         <size>0x96</size>
         <input_file_ref idref="fl-ed"/>
      </object_component>
      <object_component id="oc-fc">
         <name>.text:__aeabi_cdcmple</name>
         <load_address>0x8544</load_address>
         <run_address>0x8544</run_address>
         <size>0x86</size>
         <input_file_ref idref="fl-d0"/>
      </object_component>
      <object_component id="oc-107">
         <name>.text:__aeabi_cdrcmple</name>
         <load_address>0x85ca</load_address>
         <run_address>0x85ca</run_address>
         <size>0x86</size>
         <input_file_ref idref="fl-d0"/>
      </object_component>
      <object_component id="oc-de">
         <name>.text</name>
         <load_address>0x8650</load_address>
         <run_address>0x8650</run_address>
         <size>0x7c</size>
         <input_file_ref idref="fl-3"/>
      </object_component>
      <object_component id="oc-a0">
         <name>.text</name>
         <load_address>0x86cc</load_address>
         <run_address>0x86cc</run_address>
         <size>0x7a</size>
         <input_file_ref idref="fl-ee"/>
      </object_component>
      <object_component id="oc-393">
         <name>.text:_mcpy</name>
         <load_address>0x8746</load_address>
         <run_address>0x8746</run_address>
         <size>0x6e</size>
         <input_file_ref idref="fl-e6"/>
      </object_component>
      <object_component id="oc-1c3">
         <name>.text</name>
         <load_address>0x87b4</load_address>
         <run_address>0x87b4</run_address>
         <size>0x6e</size>
         <input_file_ref idref="fl-d4"/>
      </object_component>
      <object_component id="oc-15">
         <name>.text:decompress:lzss:__TI_decompress_lzss</name>
         <load_address>0x8822</load_address>
         <run_address>0x8822</run_address>
         <size>0x68</size>
         <input_file_ref idref="fl-db"/>
      </object_component>
      <object_component id="oc-3a8">
         <name>.text:frexp</name>
         <load_address>0x888c</load_address>
         <run_address>0x888c</run_address>
         <size>0x64</size>
         <input_file_ref idref="fl-eb"/>
      </object_component>
      <object_component id="oc-2ee">
         <name>.text:_pconv_f</name>
         <load_address>0x88f0</load_address>
         <run_address>0x88f0</run_address>
         <size>0x56</size>
         <input_file_ref idref="fl-e6"/>
      </object_component>
      <object_component id="oc-387">
         <name>.text:__TI_ltoa</name>
         <load_address>0x8946</load_address>
         <run_address>0x8946</run_address>
         <size>0x54</size>
         <input_file_ref idref="fl-f4"/>
      </object_component>
      <object_component id="oc-38d">
         <name>.text:_ecpy</name>
         <load_address>0x899a</load_address>
         <run_address>0x899a</run_address>
         <size>0x52</size>
         <input_file_ref idref="fl-e6"/>
      </object_component>
      <object_component id="oc-2dc">
         <name>.text:atoi</name>
         <load_address>0x89ec</load_address>
         <run_address>0x89ec</run_address>
         <size>0x4c</size>
         <input_file_ref idref="fl-f6"/>
      </object_component>
      <object_component id="oc-1b6">
         <name>.text</name>
         <load_address>0x8a38</load_address>
         <run_address>0x8a38</run_address>
         <size>0x48</size>
         <input_file_ref idref="fl-d3"/>
      </object_component>
      <object_component id="oc-12d">
         <name>.text:__TI_auto_init_nobinit_nopinit:__TI_auto_init_nobinit_nopinit</name>
         <load_address>0x8a80</load_address>
         <run_address>0x8a80</run_address>
         <size>0x44</size>
         <input_file_ref idref="fl-ef"/>
      </object_component>
      <object_component id="oc-175">
         <name>.text</name>
         <load_address>0x8ac4</load_address>
         <run_address>0x8ac4</run_address>
         <size>0x44</size>
         <input_file_ref idref="fl-d5"/>
      </object_component>
      <object_component id="oc-191">
         <name>.text:sprintf</name>
         <load_address>0x8b08</load_address>
         <run_address>0x8b08</run_address>
         <size>0x40</size>
         <input_file_ref idref="fl-c6"/>
      </object_component>
      <object_component id="oc-199">
         <name>.text:strtok</name>
         <load_address>0x8b48</load_address>
         <run_address>0x8b48</run_address>
         <size>0x40</size>
         <input_file_ref idref="fl-e2"/>
      </object_component>
      <object_component id="oc-3a0">
         <name>.text:_fcpy</name>
         <load_address>0x8b88</load_address>
         <run_address>0x8b88</run_address>
         <size>0x3e</size>
         <input_file_ref idref="fl-e6"/>
      </object_component>
      <object_component id="oc-5f">
         <name>.text:_c_int00_noargs:_c_int00_noargs</name>
         <load_address>0x8bc8</load_address>
         <run_address>0x8bc8</run_address>
         <size>0x34</size>
         <input_file_ref idref="fl-e5"/>
      </object_component>
      <object_component id="oc-1bb">
         <name>.text</name>
         <load_address>0x8bfc</load_address>
         <run_address>0x8bfc</run_address>
         <size>0x2e</size>
         <input_file_ref idref="fl-d6"/>
      </object_component>
      <object_component id="oc-259">
         <name>.text:strspn</name>
         <load_address>0x8c2a</load_address>
         <run_address>0x8c2a</run_address>
         <size>0x2a</size>
         <input_file_ref idref="fl-fb"/>
      </object_component>
      <object_component id="oc-25f">
         <name>.text:strcspn</name>
         <load_address>0x8c54</load_address>
         <run_address>0x8c54</run_address>
         <size>0x24</size>
         <input_file_ref idref="fl-fa"/>
      </object_component>
      <object_component id="oc-170">
         <name>.text</name>
         <load_address>0x8c78</load_address>
         <run_address>0x8c78</run_address>
         <size>0x20</size>
         <input_file_ref idref="fl-d8"/>
      </object_component>
      <object_component id="oc-1ec">
         <name>.text:strcat</name>
         <load_address>0x8c98</load_address>
         <run_address>0x8c98</run_address>
         <size>0x1e</size>
         <input_file_ref idref="fl-dd"/>
      </object_component>
      <object_component id="oc-300">
         <name>.text:memccpy</name>
         <load_address>0x8cb6</load_address>
         <run_address>0x8cb6</run_address>
         <size>0x1c</size>
         <input_file_ref idref="fl-f8"/>
      </object_component>
      <object_component id="oc-360">
         <name>.text:copysign</name>
         <load_address>0x8cd2</load_address>
         <run_address>0x8cd2</run_address>
         <size>0x1a</size>
         <input_file_ref idref="fl-e7"/>
      </object_component>
      <object_component id="oc-244">
         <name>.text:_outs</name>
         <load_address>0x8cec</load_address>
         <run_address>0x8cec</run_address>
         <size>0x18</size>
         <input_file_ref idref="fl-c6"/>
      </object_component>
      <object_component id="oc-1a5">
         <name>.text:strcmp</name>
         <load_address>0x8d04</load_address>
         <run_address>0x8d04</run_address>
         <size>0x18</size>
         <input_file_ref idref="fl-de"/>
      </object_component>
      <object_component id="oc-3ae">
         <name>.text:strchr</name>
         <load_address>0x8d1c</load_address>
         <run_address>0x8d1c</run_address>
         <size>0x16</size>
         <input_file_ref idref="fl-f9"/>
      </object_component>
      <object_component id="oc-19f">
         <name>.text:strcpy</name>
         <load_address>0x8d32</load_address>
         <run_address>0x8d32</run_address>
         <size>0x14</size>
         <input_file_ref idref="fl-df"/>
      </object_component>
      <object_component id="oc-1f9">
         <name>.text:strlen</name>
         <load_address>0x8d46</load_address>
         <run_address>0x8d46</run_address>
         <size>0x14</size>
         <input_file_ref idref="fl-e0"/>
      </object_component>
      <object_component id="oc-1ab">
         <name>.text:atof</name>
         <load_address>0x8d5a</load_address>
         <run_address>0x8d5a</run_address>
         <size>0x12</size>
         <input_file_ref idref="fl-dc"/>
      </object_component>
      <object_component id="oc-306">
         <name>.text:wcslen</name>
         <load_address>0x8d6c</load_address>
         <run_address>0x8d6c</run_address>
         <size>0x12</size>
         <input_file_ref idref="fl-ec"/>
      </object_component>
      <object_component id="oc-1b">
         <name>.text:decompress:none:__TI_decompress_none</name>
         <load_address>0x8d7e</load_address>
         <run_address>0x8d7e</run_address>
         <size>0xe</size>
         <input_file_ref idref="fl-da"/>
      </object_component>
      <object_component id="oc-53">
         <name>.text:decompress:ZI:__TI_zero_init</name>
         <load_address>0x8d8c</load_address>
         <run_address>0x8d8c</run_address>
         <size>0xc</size>
         <input_file_ref idref="fl-d9"/>
      </object_component>
      <object_component id="oc-27">
         <name>.text</name>
         <load_address>0x8d98</load_address>
         <run_address>0x8d98</run_address>
         <size>0xc</size>
         <input_file_ref idref="fl-b"/>
      </object_component>
      <object_component id="oc-24a">
         <name>.text:_outc</name>
         <load_address>0x8da4</load_address>
         <run_address>0x8da4</run_address>
         <size>0xa</size>
         <input_file_ref idref="fl-c6"/>
      </object_component>
      <object_component id="oc-297">
         <name>.text:__aeabi_errno_addr</name>
         <load_address>0x8db0</load_address>
         <run_address>0x8db0</run_address>
         <size>0x8</size>
         <input_file_ref idref="fl-e4"/>
      </object_component>
      <object_component id="oc-a6">
         <name>.text:_system_pre_init</name>
         <load_address>0x8db8</load_address>
         <run_address>0x8db8</run_address>
         <size>0x4</size>
         <input_file_ref idref="fl-f0"/>
      </object_component>
      <object_component id="oc-121">
         <name>.text:abort:abort</name>
         <load_address>0x8dbc</load_address>
         <run_address>0x8dbc</run_address>
         <size>0x4</size>
         <input_file_ref idref="fl-f2"/>
      </object_component>
      <object_component id="oc-33b">
         <name>.const:$O1$$</name>
         <load_address>0x8dc0</load_address>
         <run_address>0x8dc0</run_address>
         <size>0x158</size>
         <input_file_ref idref="fl-e3"/>
      </object_component>
      <object_component id="oc-328">
         <name>.const:.string:_ctypes_</name>
         <load_address>0x8f18</load_address>
         <run_address>0x8f18</run_address>
         <size>0x101</size>
         <input_file_ref idref="fl-f7"/>
      </object_component>
      <object_component id="oc-32b">
         <name>.const:$O1$$</name>
         <load_address>0x9020</load_address>
         <run_address>0x9020</run_address>
         <size>0xc8</size>
         <input_file_ref idref="fl-e1"/>
      </object_component>
      <object_component id="oc-358">
         <name>.const:$O1$$</name>
         <load_address>0x90e8</load_address>
         <run_address>0x90e8</run_address>
         <size>0x98</size>
         <input_file_ref idref="fl-cb"/>
      </object_component>
      <object_component id="oc-2a7">
         <name>.const:$O1$$</name>
         <load_address>0x9180</load_address>
         <run_address>0x9180</run_address>
         <size>0x30</size>
         <input_file_ref idref="fl-c9"/>
      </object_component>
      <object_component id="oc-10c">
         <name>.const:$P$T0$1</name>
         <load_address>0x91b0</load_address>
         <run_address>0x91b0</run_address>
         <size>0x8</size>
         <input_file_ref idref="fl-8"/>
      </object_component>
      <object_component id="oc-10f">
         <name>.const:$P$T1$2</name>
         <load_address>0x91b8</load_address>
         <run_address>0x91b8</run_address>
         <size>0x8</size>
         <input_file_ref idref="fl-8"/>
      </object_component>
      <object_component id="oc-44c">
         <name>.cinit..data.load</name>
         <load_address>0x91c0</load_address>
         <run_address>0x91c0</run_address>
         <size>0x14</size>
      </object_component>
      <object_component id="oc-44a">
         <name>__TI_handler_table</name>
         <load_address>0x91d4</load_address>
         <run_address>0x91d4</run_address>
         <size>0xc</size>
      </object_component>
      <object_component id="oc-44d">
         <name>.cinit..bss.load</name>
         <load_address>0x91e0</load_address>
         <run_address>0x91e0</run_address>
         <size>0x8</size>
      </object_component>
      <object_component id="oc-44b">
         <name>__TI_cinit_table</name>
         <load_address>0x91e8</load_address>
         <run_address>0x91e8</run_address>
         <size>0x10</size>
      </object_component>
      <object_component id="oc-1ff">
         <name>.data</name>
         <load_address>0x2000169c</load_address>
         <run_address>0x2000169c</run_address>
         <size>0x8</size>
         <input_file_ref idref="fl-2"/>
      </object_component>
      <object_component id="oc-18c">
         <name>.data</name>
         <load_address>0x200016a4</load_address>
         <run_address>0x200016a4</run_address>
         <size>0x8</size>
         <input_file_ref idref="fl-4"/>
      </object_component>
      <object_component id="oc-7a">
         <name>.data</name>
         <load_address>0x200016b8</load_address>
         <run_address>0x200016b8</run_address>
         <size>0x1</size>
         <input_file_ref idref="fl-5"/>
      </object_component>
      <object_component id="oc-112">
         <name>.data</name>
         <load_address>0x20001688</load_address>
         <run_address>0x20001688</run_address>
         <size>0x14</size>
         <input_file_ref idref="fl-6"/>
      </object_component>
      <object_component id="oc-be">
         <name>.data</name>
         <load_address>0x200016b4</load_address>
         <run_address>0x200016b4</run_address>
         <size>0x4</size>
         <input_file_ref idref="fl-a"/>
      </object_component>
      <object_component id="oc-265">
         <name>.data</name>
         <load_address>0x200016b0</load_address>
         <run_address>0x200016b0</run_address>
         <size>0x4</size>
         <input_file_ref idref="fl-e2"/>
      </object_component>
      <object_component id="oc-351">
         <name>.data</name>
         <load_address>0x200016ac</load_address>
         <run_address>0x200016ac</run_address>
         <size>0x4</size>
         <input_file_ref idref="fl-e4"/>
      </object_component>
      <object_component id="oc-200">
         <name>.bss</name>
         <uninitialized>true</uninitialized>
         <run_address>0x20001664</run_address>
         <size>0x6</size>
         <input_file_ref idref="fl-2"/>
      </object_component>
      <object_component id="oc-1c0">
         <name>.bss:arr</name>
         <uninitialized>true</uninitialized>
         <run_address>0x20001620</run_address>
         <size>0x20</size>
         <input_file_ref idref="fl-6"/>
      </object_component>
      <object_component id="oc-205">
         <name>.common:firstDataSector</name>
         <uninitialized>true</uninitialized>
         <run_address>0x2000166c</run_address>
         <size>0x4</size>
      </object_component>
      <object_component id="oc-1f8">
         <name>.common:rootCluster</name>
         <uninitialized>true</uninitialized>
         <run_address>0x20001670</run_address>
         <size>0x4</size>
      </object_component>
      <object_component id="oc-1f7">
         <name>.common:totalClusters</name>
         <uninitialized>true</uninitialized>
         <run_address>0x20001674</run_address>
         <size>0x4</size>
      </object_component>
      <object_component id="oc-1f5">
         <name>.common:bytesPerSector</name>
         <uninitialized>true</uninitialized>
         <run_address>0x2000166a</run_address>
         <size>0x2</size>
      </object_component>
      <object_component id="oc-1f6">
         <name>.common:sectorPerCluster</name>
         <uninitialized>true</uninitialized>
         <run_address>0x2000167e</run_address>
         <size>0x2</size>
      </object_component>
      <object_component id="oc-204">
         <name>.common:reservedSectorCount</name>
         <uninitialized>true</uninitialized>
         <run_address>0x2000167c</run_address>
         <size>0x2</size>
      </object_component>
      <object_component id="oc-203">
         <name>.common:unusedSectors</name>
         <uninitialized>true</uninitialized>
         <run_address>0x20001678</run_address>
         <size>0x4</size>
      </object_component>
      <object_component id="oc-202">
         <name>.common:freeClusterCountUpdated</name>
         <uninitialized>true</uninitialized>
         <run_address>0x20001680</run_address>
         <size>0x1</size>
      </object_component>
      <object_component id="oc-1f4">
         <name>.common:fatMappingTable</name>
         <uninitialized>true</uninitialized>
         <run_address>0x20000fa0</run_address>
         <size>0x480</size>
      </object_component>
      <object_component id="oc-201">
         <name>.common:GlobalBuffer</name>
         <uninitialized>true</uninitialized>
         <run_address>0x20001420</run_address>
         <size>0x200</size>
      </object_component>
      <object_component id="oc-118">
         <name>.common:latitudeResult</name>
         <uninitialized>true</uninitialized>
         <run_address>0x2000164c</run_address>
         <size>0xc</size>
      </object_component>
      <object_component id="oc-115">
         <name>.common:longitudeResult</name>
         <uninitialized>true</uninitialized>
         <run_address>0x20001658</run_address>
         <size>0xc</size>
      </object_component>
      <object_component id="oc-119">
         <name>.common:AltitudeResult</name>
         <uninitialized>true</uninitialized>
         <run_address>0x20001640</run_address>
         <size>0xc</size>
      </object_component>
      <object_component id="oc-24">
         <name>.stack</name>
         <uninitialized>true</uninitialized>
         <run_address>0x20000000</run_address>
         <size>0x4</size>
         <input_file_ref idref="fl-e5"/>
      </object_component>
      <object_component id="oc-44f">
         <name>.stack</name>
         <uninitialized>true</uninitialized>
         <run_address>0x20000000</run_address>
         <size>0x0</size>
      </object_component>
      <object_component id="oc-cc">
         <name>.debug_info</name>
         <load_address>0x0</load_address>
         <run_address>0x0</run_address>
         <size>0x643</size>
         <input_file_ref idref="fl-2"/>
      </object_component>
      <object_component id="oc-105">
         <name>.debug_info</name>
         <load_address>0x643</load_address>
         <run_address>0x643</run_address>
         <size>0x1bc7</size>
         <input_file_ref idref="fl-2"/>
      </object_component>
      <object_component id="oc-165">
         <name>.debug_info</name>
         <load_address>0x220a</load_address>
         <run_address>0x220a</run_address>
         <size>0x717</size>
         <input_file_ref idref="fl-2"/>
      </object_component>
      <object_component id="oc-81">
         <name>.debug_info</name>
         <load_address>0x2921</load_address>
         <run_address>0x2921</run_address>
         <size>0x26b</size>
         <input_file_ref idref="fl-2"/>
      </object_component>
      <object_component id="oc-3c">
         <name>.debug_info</name>
         <load_address>0x2b8c</load_address>
         <run_address>0x2b8c</run_address>
         <size>0x84</size>
         <input_file_ref idref="fl-2"/>
      </object_component>
      <object_component id="oc-c7">
         <name>.debug_info</name>
         <load_address>0x2c10</load_address>
         <run_address>0x2c10</run_address>
         <size>0x2a4</size>
         <input_file_ref idref="fl-2"/>
      </object_component>
      <object_component id="oc-86">
         <name>.debug_info</name>
         <load_address>0x2eb4</load_address>
         <run_address>0x2eb4</run_address>
         <size>0xbb</size>
         <input_file_ref idref="fl-2"/>
      </object_component>
      <object_component id="oc-d5">
         <name>.debug_info</name>
         <load_address>0x2f6f</load_address>
         <run_address>0x2f6f</run_address>
         <size>0x2c</size>
         <input_file_ref idref="fl-2"/>
      </object_component>
      <object_component id="oc-16a">
         <name>.debug_info</name>
         <load_address>0x2f9b</load_address>
         <run_address>0x2f9b</run_address>
         <size>0x35</size>
         <input_file_ref idref="fl-2"/>
      </object_component>
      <object_component id="oc-df">
         <name>.debug_info</name>
         <load_address>0x2fd0</load_address>
         <run_address>0x2fd0</run_address>
         <size>0xf8</size>
         <input_file_ref idref="fl-3"/>
      </object_component>
      <object_component id="oc-190">
         <name>.debug_info</name>
         <load_address>0x30c8</load_address>
         <run_address>0x30c8</run_address>
         <size>0x404</size>
         <input_file_ref idref="fl-4"/>
      </object_component>
      <object_component id="oc-18d">
         <name>.debug_info</name>
         <load_address>0x34cc</load_address>
         <run_address>0x34cc</run_address>
         <size>0x100</size>
         <input_file_ref idref="fl-4"/>
      </object_component>
      <object_component id="oc-ec">
         <name>.debug_info</name>
         <load_address>0x35cc</load_address>
         <run_address>0x35cc</run_address>
         <size>0xa40</size>
         <input_file_ref idref="fl-4"/>
      </object_component>
      <object_component id="oc-7e">
         <name>.debug_info</name>
         <load_address>0x400c</load_address>
         <run_address>0x400c</run_address>
         <size>0x27e</size>
         <input_file_ref idref="fl-5"/>
      </object_component>
      <object_component id="oc-7b">
         <name>.debug_info</name>
         <load_address>0x428a</load_address>
         <run_address>0x428a</run_address>
         <size>0xe1</size>
         <input_file_ref idref="fl-5"/>
      </object_component>
      <object_component id="oc-30">
         <name>.debug_info</name>
         <load_address>0x436b</load_address>
         <run_address>0x436b</run_address>
         <size>0x258</size>
         <input_file_ref idref="fl-5"/>
      </object_component>
      <object_component id="oc-116">
         <name>.debug_info</name>
         <load_address>0x45c3</load_address>
         <run_address>0x45c3</run_address>
         <size>0x64b</size>
         <input_file_ref idref="fl-6"/>
      </object_component>
      <object_component id="oc-113">
         <name>.debug_info</name>
         <load_address>0x4c0e</load_address>
         <run_address>0x4c0e</run_address>
         <size>0x121</size>
         <input_file_ref idref="fl-6"/>
      </object_component>
      <object_component id="oc-1c1">
         <name>.debug_info</name>
         <load_address>0x4d2f</load_address>
         <run_address>0x4d2f</run_address>
         <size>0xc5</size>
         <input_file_ref idref="fl-6"/>
      </object_component>
      <object_component id="oc-f8">
         <name>.debug_info</name>
         <load_address>0x4df4</load_address>
         <run_address>0x4df4</run_address>
         <size>0x10e6</size>
         <input_file_ref idref="fl-6"/>
      </object_component>
      <object_component id="oc-11b">
         <name>.debug_info</name>
         <load_address>0x5eda</load_address>
         <run_address>0x5eda</run_address>
         <size>0x198</size>
         <input_file_ref idref="fl-6"/>
      </object_component>
      <object_component id="oc-252">
         <name>.debug_info</name>
         <load_address>0x6072</load_address>
         <run_address>0x6072</run_address>
         <size>0x2c</size>
         <input_file_ref idref="fl-6"/>
      </object_component>
      <object_component id="oc-198">
         <name>.debug_info</name>
         <load_address>0x609e</load_address>
         <run_address>0x609e</run_address>
         <size>0x304</size>
         <input_file_ref idref="fl-7"/>
      </object_component>
      <object_component id="oc-f1">
         <name>.debug_info</name>
         <load_address>0x63a2</load_address>
         <run_address>0x63a2</run_address>
         <size>0x64f</size>
         <input_file_ref idref="fl-7"/>
      </object_component>
      <object_component id="oc-120">
         <name>.debug_info</name>
         <load_address>0x69f1</load_address>
         <run_address>0x69f1</run_address>
         <size>0x695</size>
         <input_file_ref idref="fl-8"/>
      </object_component>
      <object_component id="oc-10d">
         <name>.debug_info</name>
         <load_address>0x7086</load_address>
         <run_address>0x7086</run_address>
         <size>0xce</size>
         <input_file_ref idref="fl-8"/>
      </object_component>
      <object_component id="oc-110">
         <name>.debug_info</name>
         <load_address>0x7154</load_address>
         <run_address>0x7154</run_address>
         <size>0xce</size>
         <input_file_ref idref="fl-8"/>
      </object_component>
      <object_component id="oc-ad">
         <name>.debug_info</name>
         <load_address>0x7222</load_address>
         <run_address>0x7222</run_address>
         <size>0x39f</size>
         <input_file_ref idref="fl-8"/>
      </object_component>
      <object_component id="oc-239">
         <name>.debug_info</name>
         <load_address>0x75c1</load_address>
         <run_address>0x75c1</run_address>
         <size>0x260</size>
         <input_file_ref idref="fl-9"/>
      </object_component>
      <object_component id="oc-188">
         <name>.debug_info</name>
         <load_address>0x7821</load_address>
         <run_address>0x7821</run_address>
         <size>0x277</size>
         <input_file_ref idref="fl-9"/>
      </object_component>
      <object_component id="oc-c2">
         <name>.debug_info</name>
         <load_address>0x7a98</load_address>
         <run_address>0x7a98</run_address>
         <size>0x278</size>
         <input_file_ref idref="fl-a"/>
      </object_component>
      <object_component id="oc-bf">
         <name>.debug_info</name>
         <load_address>0x7d10</load_address>
         <run_address>0x7d10</run_address>
         <size>0xeb</size>
         <input_file_ref idref="fl-a"/>
      </object_component>
      <object_component id="oc-75">
         <name>.debug_info</name>
         <load_address>0x7dfb</load_address>
         <run_address>0x7dfb</run_address>
         <size>0x46d</size>
         <input_file_ref idref="fl-a"/>
      </object_component>
      <object_component id="oc-35">
         <name>.debug_info</name>
         <load_address>0x8268</load_address>
         <run_address>0x8268</run_address>
         <size>0x2d4</size>
         <input_file_ref idref="fl-b"/>
      </object_component>
      <object_component id="oc-13">
         <name>.debug_info</name>
         <load_address>0x853c</load_address>
         <run_address>0x853c</run_address>
         <size>0xed</size>
         <input_file_ref idref="fl-b"/>
      </object_component>
      <object_component id="oc-28">
         <name>.debug_info</name>
         <load_address>0x8629</load_address>
         <run_address>0x8629</run_address>
         <size>0x269</size>
         <input_file_ref idref="fl-b"/>
      </object_component>
      <object_component id="oc-185">
         <name>.debug_info</name>
         <load_address>0x8892</load_address>
         <run_address>0x8892</run_address>
         <size>0x2a6</size>
         <input_file_ref idref="fl-c"/>
      </object_component>
      <object_component id="oc-e5">
         <name>.debug_info</name>
         <load_address>0x8b38</load_address>
         <run_address>0x8b38</run_address>
         <size>0xa8e</size>
         <input_file_ref idref="fl-c"/>
      </object_component>
      <object_component id="oc-251">
         <name>.debug_info</name>
         <load_address>0x95c6</load_address>
         <run_address>0x95c6</run_address>
         <size>0x333</size>
         <input_file_ref idref="fl-c6"/>
      </object_component>
      <object_component id="oc-193">
         <name>.debug_info</name>
         <load_address>0x98f9</load_address>
         <run_address>0x98f9</run_address>
         <size>0x1d1</size>
         <input_file_ref idref="fl-c6"/>
      </object_component>
      <object_component id="oc-248">
         <name>.debug_info</name>
         <load_address>0x9aca</load_address>
         <run_address>0x9aca</run_address>
         <size>0x18d</size>
         <input_file_ref idref="fl-c6"/>
      </object_component>
      <object_component id="oc-24b">
         <name>.debug_info</name>
         <load_address>0x9c57</load_address>
         <run_address>0x9c57</run_address>
         <size>0x16d</size>
         <input_file_ref idref="fl-c6"/>
      </object_component>
      <object_component id="oc-3c0">
         <name>.debug_info</name>
         <load_address>0x9dc4</load_address>
         <run_address>0x9dc4</run_address>
         <size>0x2c</size>
         <input_file_ref idref="fl-c6"/>
      </object_component>
      <object_component id="oc-2b4">
         <name>.debug_info</name>
         <load_address>0x9df0</load_address>
         <run_address>0x9df0</run_address>
         <size>0x2e4</size>
         <input_file_ref idref="fl-c7"/>
      </object_component>
      <object_component id="oc-1ea">
         <name>.debug_info</name>
         <load_address>0xa0d4</load_address>
         <run_address>0xa0d4</run_address>
         <size>0x6a4</size>
         <input_file_ref idref="fl-c7"/>
      </object_component>
      <object_component id="oc-34a">
         <name>.debug_info</name>
         <load_address>0xa778</load_address>
         <run_address>0xa778</run_address>
         <size>0x46</size>
         <input_file_ref idref="fl-c7"/>
      </object_component>
      <object_component id="oc-290">
         <name>.debug_info</name>
         <load_address>0xa7be</load_address>
         <run_address>0xa7be</run_address>
         <size>0x39</size>
         <input_file_ref idref="fl-c7"/>
      </object_component>
      <object_component id="oc-2a6">
         <name>.debug_info</name>
         <load_address>0xa7f7</load_address>
         <run_address>0xa7f7</run_address>
         <size>0x2a9</size>
         <input_file_ref idref="fl-c8"/>
      </object_component>
      <object_component id="oc-1db">
         <name>.debug_info</name>
         <load_address>0xaaa0</load_address>
         <run_address>0xaaa0</run_address>
         <size>0x247</size>
         <input_file_ref idref="fl-c8"/>
      </object_component>
      <object_component id="oc-2b1">
         <name>.debug_info</name>
         <load_address>0xace7</load_address>
         <run_address>0xace7</run_address>
         <size>0x35e</size>
         <input_file_ref idref="fl-c9"/>
      </object_component>
      <object_component id="oc-2a8">
         <name>.debug_info</name>
         <load_address>0xb045</load_address>
         <run_address>0xb045</run_address>
         <size>0x128</size>
         <input_file_ref idref="fl-c9"/>
      </object_component>
      <object_component id="oc-1e1">
         <name>.debug_info</name>
         <load_address>0xb16d</load_address>
         <run_address>0xb16d</run_address>
         <size>0xbf2</size>
         <input_file_ref idref="fl-c9"/>
      </object_component>
      <object_component id="oc-29e">
         <name>.debug_info</name>
         <load_address>0xbd5f</load_address>
         <run_address>0xbd5f</run_address>
         <size>0x2c5</size>
         <input_file_ref idref="fl-ca"/>
      </object_component>
      <object_component id="oc-1d8">
         <name>.debug_info</name>
         <load_address>0xc024</load_address>
         <run_address>0xc024</run_address>
         <size>0x24e</size>
         <input_file_ref idref="fl-ca"/>
      </object_component>
      <object_component id="oc-3ef">
         <name>.debug_info</name>
         <load_address>0xc272</load_address>
         <run_address>0xc272</run_address>
         <size>0x2f2</size>
         <input_file_ref idref="fl-cb"/>
      </object_component>
      <object_component id="oc-359">
         <name>.debug_info</name>
         <load_address>0xc564</load_address>
         <run_address>0xc564</run_address>
         <size>0x131</size>
         <input_file_ref idref="fl-cb"/>
      </object_component>
      <object_component id="oc-2a1">
         <name>.debug_info</name>
         <load_address>0xc695</load_address>
         <run_address>0xc695</run_address>
         <size>0x4ac</size>
         <input_file_ref idref="fl-cb"/>
      </object_component>
      <object_component id="oc-296">
         <name>.debug_info</name>
         <load_address>0xcb41</load_address>
         <run_address>0xcb41</run_address>
         <size>0x361</size>
         <input_file_ref idref="fl-cc"/>
      </object_component>
      <object_component id="oc-1d2">
         <name>.debug_info</name>
         <load_address>0xcea2</load_address>
         <run_address>0xcea2</run_address>
         <size>0x79b</size>
         <input_file_ref idref="fl-cc"/>
      </object_component>
      <object_component id="oc-367">
         <name>.debug_info</name>
         <load_address>0xd63d</load_address>
         <run_address>0xd63d</run_address>
         <size>0x2f8</size>
         <input_file_ref idref="fl-cd"/>
      </object_component>
      <object_component id="oc-2ae">
         <name>.debug_info</name>
         <load_address>0xd935</load_address>
         <run_address>0xd935</run_address>
         <size>0x225</size>
         <input_file_ref idref="fl-cd"/>
      </object_component>
      <object_component id="oc-3e2">
         <name>.debug_info</name>
         <load_address>0xdb5a</load_address>
         <run_address>0xdb5a</run_address>
         <size>0x39</size>
         <input_file_ref idref="fl-cd"/>
      </object_component>
      <object_component id="oc-341">
         <name>.debug_info</name>
         <load_address>0xdb93</load_address>
         <run_address>0xdb93</run_address>
         <size>0x2c</size>
         <input_file_ref idref="fl-cd"/>
      </object_component>
      <object_component id="oc-28f">
         <name>.debug_info</name>
         <load_address>0xdbbf</load_address>
         <run_address>0xdbbf</run_address>
         <size>0x361</size>
         <input_file_ref idref="fl-ce"/>
      </object_component>
      <object_component id="oc-1cb">
         <name>.debug_info</name>
         <load_address>0xdf20</load_address>
         <run_address>0xdf20</run_address>
         <size>0x7ae</size>
         <input_file_ref idref="fl-ce"/>
      </object_component>
      <object_component id="oc-17d">
         <name>.debug_info</name>
         <load_address>0xe6ce</load_address>
         <run_address>0xe6ce</run_address>
         <size>0x14c</size>
         <input_file_ref idref="fl-cf"/>
      </object_component>
      <object_component id="oc-fd">
         <name>.debug_info</name>
         <load_address>0xe81a</load_address>
         <run_address>0xe81a</run_address>
         <size>0x128</size>
         <input_file_ref idref="fl-d0"/>
      </object_component>
      <object_component id="oc-109">
         <name>.debug_info</name>
         <load_address>0xe942</load_address>
         <run_address>0xe942</run_address>
         <size>0x12a</size>
         <input_file_ref idref="fl-d0"/>
      </object_component>
      <object_component id="oc-1b3">
         <name>.debug_info</name>
         <load_address>0xea6c</load_address>
         <run_address>0xea6c</run_address>
         <size>0x13a</size>
         <input_file_ref idref="fl-d1"/>
      </object_component>
      <object_component id="oc-181">
         <name>.debug_info</name>
         <load_address>0xeba6</load_address>
         <run_address>0xeba6</run_address>
         <size>0x13a</size>
         <input_file_ref idref="fl-d2"/>
      </object_component>
      <object_component id="oc-1b7">
         <name>.debug_info</name>
         <load_address>0xece0</load_address>
         <run_address>0xece0</run_address>
         <size>0x12e</size>
         <input_file_ref idref="fl-d3"/>
      </object_component>
      <object_component id="oc-1c4">
         <name>.debug_info</name>
         <load_address>0xee0e</load_address>
         <run_address>0xee0e</run_address>
         <size>0x13e</size>
         <input_file_ref idref="fl-d4"/>
      </object_component>
      <object_component id="oc-177">
         <name>.debug_info</name>
         <load_address>0xef4c</load_address>
         <run_address>0xef4c</run_address>
         <size>0x139</size>
         <input_file_ref idref="fl-d5"/>
      </object_component>
      <object_component id="oc-1bc">
         <name>.debug_info</name>
         <load_address>0xf085</load_address>
         <run_address>0xf085</run_address>
         <size>0x12c</size>
         <input_file_ref idref="fl-d6"/>
      </object_component>
      <object_component id="oc-43">
         <name>.debug_info</name>
         <load_address>0xf1b1</load_address>
         <run_address>0xf1b1</run_address>
         <size>0x119</size>
         <input_file_ref idref="fl-d7"/>
      </object_component>
      <object_component id="oc-171">
         <name>.debug_info</name>
         <load_address>0xf2ca</load_address>
         <run_address>0xf2ca</run_address>
         <size>0x12e</size>
         <input_file_ref idref="fl-d8"/>
      </object_component>
      <object_component id="oc-9f">
         <name>.debug_info</name>
         <load_address>0xf3f8</load_address>
         <run_address>0xf3f8</run_address>
         <size>0x2d4</size>
         <input_file_ref idref="fl-d9"/>
      </object_component>
      <object_component id="oc-56">
         <name>.debug_info</name>
         <load_address>0xf6cc</load_address>
         <run_address>0xf6cc</run_address>
         <size>0x1b5</size>
         <input_file_ref idref="fl-d9"/>
      </object_component>
      <object_component id="oc-9a">
         <name>.debug_info</name>
         <load_address>0xf881</load_address>
         <run_address>0xf881</run_address>
         <size>0x46</size>
         <input_file_ref idref="fl-d9"/>
      </object_component>
      <object_component id="oc-4c">
         <name>.debug_info</name>
         <load_address>0xf8c7</load_address>
         <run_address>0xf8c7</run_address>
         <size>0x2a8</size>
         <input_file_ref idref="fl-da"/>
      </object_component>
      <object_component id="oc-1c">
         <name>.debug_info</name>
         <load_address>0xfb6f</load_address>
         <run_address>0xfb6f</run_address>
         <size>0x1ea</size>
         <input_file_ref idref="fl-da"/>
      </object_component>
      <object_component id="oc-47">
         <name>.debug_info</name>
         <load_address>0xfd59</load_address>
         <run_address>0xfd59</run_address>
         <size>0x46</size>
         <input_file_ref idref="fl-da"/>
      </object_component>
      <object_component id="oc-92">
         <name>.debug_info</name>
         <load_address>0xfd9f</load_address>
         <run_address>0xfd9f</run_address>
         <size>0x2c</size>
         <input_file_ref idref="fl-da"/>
      </object_component>
      <object_component id="oc-90">
         <name>.debug_info</name>
         <load_address>0xfdcb</load_address>
         <run_address>0xfdcb</run_address>
         <size>0x29e</size>
         <input_file_ref idref="fl-db"/>
      </object_component>
      <object_component id="oc-17">
         <name>.debug_info</name>
         <load_address>0x10069</load_address>
         <run_address>0x10069</run_address>
         <size>0x250</size>
         <input_file_ref idref="fl-db"/>
      </object_component>
      <object_component id="oc-37">
         <name>.debug_info</name>
         <load_address>0x102b9</load_address>
         <run_address>0x102b9</run_address>
         <size>0x60</size>
         <input_file_ref idref="fl-db"/>
      </object_component>
      <object_component id="oc-ce">
         <name>.debug_info</name>
         <load_address>0x10319</load_address>
         <run_address>0x10319</run_address>
         <size>0x46</size>
         <input_file_ref idref="fl-db"/>
      </object_component>
      <object_component id="oc-8b">
         <name>.debug_info</name>
         <load_address>0x1035f</load_address>
         <run_address>0x1035f</run_address>
         <size>0x39</size>
         <input_file_ref idref="fl-db"/>
      </object_component>
      <object_component id="oc-275">
         <name>.debug_info</name>
         <load_address>0x10398</load_address>
         <run_address>0x10398</run_address>
         <size>0x2c5</size>
         <input_file_ref idref="fl-dc"/>
      </object_component>
      <object_component id="oc-1af">
         <name>.debug_info</name>
         <load_address>0x1065d</load_address>
         <run_address>0x1065d</run_address>
         <size>0x149</size>
         <input_file_ref idref="fl-dc"/>
      </object_component>
      <object_component id="oc-2b6">
         <name>.debug_info</name>
         <load_address>0x107a6</load_address>
         <run_address>0x107a6</run_address>
         <size>0x2a4</size>
         <input_file_ref idref="fl-dd"/>
      </object_component>
      <object_component id="oc-1ef">
         <name>.debug_info</name>
         <load_address>0x10a4a</load_address>
         <run_address>0x10a4a</run_address>
         <size>0x267</size>
         <input_file_ref idref="fl-dd"/>
      </object_component>
      <object_component id="oc-26d">
         <name>.debug_info</name>
         <load_address>0x10cb1</load_address>
         <run_address>0x10cb1</run_address>
         <size>0x28a</size>
         <input_file_ref idref="fl-de"/>
      </object_component>
      <object_component id="oc-1a7">
         <name>.debug_info</name>
         <load_address>0x10f3b</load_address>
         <run_address>0x10f3b</run_address>
         <size>0x273</size>
         <input_file_ref idref="fl-de"/>
      </object_component>
      <object_component id="oc-26b">
         <name>.debug_info</name>
         <load_address>0x111ae</load_address>
         <run_address>0x111ae</run_address>
         <size>0x2a4</size>
         <input_file_ref idref="fl-df"/>
      </object_component>
      <object_component id="oc-1a1">
         <name>.debug_info</name>
         <load_address>0x11452</load_address>
         <run_address>0x11452</run_address>
         <size>0x24d</size>
         <input_file_ref idref="fl-df"/>
      </object_component>
      <object_component id="oc-2b8">
         <name>.debug_info</name>
         <load_address>0x1169f</load_address>
         <run_address>0x1169f</run_address>
         <size>0x28f</size>
         <input_file_ref idref="fl-e0"/>
      </object_component>
      <object_component id="oc-1fb">
         <name>.debug_info</name>
         <load_address>0x1192e</load_address>
         <run_address>0x1192e</run_address>
         <size>0x245</size>
         <input_file_ref idref="fl-e0"/>
      </object_component>
      <object_component id="oc-32f">
         <name>.debug_info</name>
         <load_address>0x11b73</load_address>
         <run_address>0x11b73</run_address>
         <size>0x3b1</size>
         <input_file_ref idref="fl-e1"/>
      </object_component>
      <object_component id="oc-32c">
         <name>.debug_info</name>
         <load_address>0x11f24</load_address>
         <run_address>0x11f24</run_address>
         <size>0x123</size>
         <input_file_ref idref="fl-e1"/>
      </object_component>
      <object_component id="oc-26f">
         <name>.debug_info</name>
         <load_address>0x12047</load_address>
         <run_address>0x12047</run_address>
         <size>0x4e0</size>
         <input_file_ref idref="fl-e1"/>
      </object_component>
      <object_component id="oc-269">
         <name>.debug_info</name>
         <load_address>0x12527</load_address>
         <run_address>0x12527</run_address>
         <size>0x2fe</size>
         <input_file_ref idref="fl-e2"/>
      </object_component>
      <object_component id="oc-266">
         <name>.debug_info</name>
         <load_address>0x12825</load_address>
         <run_address>0x12825</run_address>
         <size>0x105</size>
         <input_file_ref idref="fl-e2"/>
      </object_component>
      <object_component id="oc-19a">
         <name>.debug_info</name>
         <load_address>0x1292a</load_address>
         <run_address>0x1292a</run_address>
         <size>0x1ab</size>
         <input_file_ref idref="fl-e2"/>
      </object_component>
      <object_component id="oc-33f">
         <name>.debug_info</name>
         <load_address>0x12ad5</load_address>
         <run_address>0x12ad5</run_address>
         <size>0x3aa</size>
         <input_file_ref idref="fl-e3"/>
      </object_component>
      <object_component id="oc-33c">
         <name>.debug_info</name>
         <load_address>0x12e7f</load_address>
         <run_address>0x12e7f</run_address>
         <size>0x13a</size>
         <input_file_ref idref="fl-e3"/>
      </object_component>
      <object_component id="oc-285">
         <name>.debug_info</name>
         <load_address>0x12fb9</load_address>
         <run_address>0x12fb9</run_address>
         <size>0x72f</size>
         <input_file_ref idref="fl-e3"/>
      </object_component>
      <object_component id="oc-355">
         <name>.debug_info</name>
         <load_address>0x136e8</load_address>
         <run_address>0x136e8</run_address>
         <size>0x289</size>
         <input_file_ref idref="fl-e4"/>
      </object_component>
      <object_component id="oc-352">
         <name>.debug_info</name>
         <load_address>0x13971</load_address>
         <run_address>0x13971</run_address>
         <size>0x10e</size>
         <input_file_ref idref="fl-e4"/>
      </object_component>
      <object_component id="oc-299">
         <name>.debug_info</name>
         <load_address>0x13a7f</load_address>
         <run_address>0x13a7f</run_address>
         <size>0x14e</size>
         <input_file_ref idref="fl-e4"/>
      </object_component>
      <object_component id="oc-25">
         <name>.debug_info</name>
         <load_address>0x13bcd</load_address>
         <run_address>0x13bcd</run_address>
         <size>0x10b</size>
         <input_file_ref idref="fl-e5"/>
      </object_component>
      <object_component id="oc-60">
         <name>.debug_info</name>
         <load_address>0x13cd8</load_address>
         <run_address>0x13cd8</run_address>
         <size>0x1a9</size>
         <input_file_ref idref="fl-e5"/>
      </object_component>
      <object_component id="oc-30d">
         <name>.debug_info</name>
         <load_address>0x13e81</load_address>
         <run_address>0x13e81</run_address>
         <size>0x590</size>
         <input_file_ref idref="fl-e6"/>
      </object_component>
      <object_component id="oc-2e5">
         <name>.debug_info</name>
         <load_address>0x14411</load_address>
         <run_address>0x14411</run_address>
         <size>0x21e</size>
         <input_file_ref idref="fl-e6"/>
      </object_component>
      <object_component id="oc-390">
         <name>.debug_info</name>
         <load_address>0x1462f</load_address>
         <run_address>0x1462f</run_address>
         <size>0x1b3</size>
         <input_file_ref idref="fl-e6"/>
      </object_component>
      <object_component id="oc-397">
         <name>.debug_info</name>
         <load_address>0x147e2</load_address>
         <run_address>0x147e2</run_address>
         <size>0x21b</size>
         <input_file_ref idref="fl-e6"/>
      </object_component>
      <object_component id="oc-2ec">
         <name>.debug_info</name>
         <load_address>0x149fd</load_address>
         <run_address>0x149fd</run_address>
         <size>0x3c0</size>
         <input_file_ref idref="fl-e6"/>
      </object_component>
      <object_component id="oc-39e">
         <name>.debug_info</name>
         <load_address>0x14dbd</load_address>
         <run_address>0x14dbd</run_address>
         <size>0x30a</size>
         <input_file_ref idref="fl-e6"/>
      </object_component>
      <object_component id="oc-3a4">
         <name>.debug_info</name>
         <load_address>0x150c7</load_address>
         <run_address>0x150c7</run_address>
         <size>0x215</size>
         <input_file_ref idref="fl-e6"/>
      </object_component>
      <object_component id="oc-2f2">
         <name>.debug_info</name>
         <load_address>0x152dc</load_address>
         <run_address>0x152dc</run_address>
         <size>0x215</size>
         <input_file_ref idref="fl-e6"/>
      </object_component>
      <object_component id="oc-2f8">
         <name>.debug_info</name>
         <load_address>0x154f1</load_address>
         <run_address>0x154f1</run_address>
         <size>0x304</size>
         <input_file_ref idref="fl-e6"/>
      </object_component>
      <object_component id="oc-2fe">
         <name>.debug_info</name>
         <load_address>0x157f5</load_address>
         <run_address>0x157f5</run_address>
         <size>0x4b5</size>
         <input_file_ref idref="fl-e6"/>
      </object_component>
      <object_component id="oc-242">
         <name>.debug_info</name>
         <load_address>0x15caa</load_address>
         <run_address>0x15caa</run_address>
         <size>0x5f4</size>
         <input_file_ref idref="fl-e6"/>
      </object_component>
      <object_component id="oc-30e">
         <name>.debug_info</name>
         <load_address>0x1629e</load_address>
         <run_address>0x1629e</run_address>
         <size>0x86</size>
         <input_file_ref idref="fl-e6"/>
      </object_component>
      <object_component id="oc-3c5">
         <name>.debug_info</name>
         <load_address>0x16324</load_address>
         <run_address>0x16324</run_address>
         <size>0x39</size>
         <input_file_ref idref="fl-e6"/>
      </object_component>
      <object_component id="oc-40f">
         <name>.debug_info</name>
         <load_address>0x1635d</load_address>
         <run_address>0x1635d</run_address>
         <size>0xb6</size>
         <input_file_ref idref="fl-e6"/>
      </object_component>
      <object_component id="oc-3ca">
         <name>.debug_info</name>
         <load_address>0x16413</load_address>
         <run_address>0x16413</run_address>
         <size>0x46</size>
         <input_file_ref idref="fl-e6"/>
      </object_component>
      <object_component id="oc-313">
         <name>.debug_info</name>
         <load_address>0x16459</load_address>
         <run_address>0x16459</run_address>
         <size>0x46</size>
         <input_file_ref idref="fl-e6"/>
      </object_component>
      <object_component id="oc-361">
         <name>.debug_info</name>
         <load_address>0x1649f</load_address>
         <run_address>0x1649f</run_address>
         <size>0x161</size>
         <input_file_ref idref="fl-e7"/>
      </object_component>
      <object_component id="oc-347">
         <name>.debug_info</name>
         <load_address>0x16600</load_address>
         <run_address>0x16600</run_address>
         <size>0x288</size>
         <input_file_ref idref="fl-e8"/>
      </object_component>
      <object_component id="oc-289">
         <name>.debug_info</name>
         <load_address>0x16888</load_address>
         <run_address>0x16888</run_address>
         <size>0x327</size>
         <input_file_ref idref="fl-e8"/>
      </object_component>
      <object_component id="oc-334">
         <name>.debug_info</name>
         <load_address>0x16baf</load_address>
         <run_address>0x16baf</run_address>
         <size>0x28d</size>
         <input_file_ref idref="fl-e9"/>
      </object_component>
      <object_component id="oc-27d">
         <name>.debug_info</name>
         <load_address>0x16e3c</load_address>
         <run_address>0x16e3c</run_address>
         <size>0x380</size>
         <input_file_ref idref="fl-e9"/>
      </object_component>
      <object_component id="oc-3dd">
         <name>.debug_info</name>
         <load_address>0x171bc</load_address>
         <run_address>0x171bc</run_address>
         <size>0x28a</size>
         <input_file_ref idref="fl-ea"/>
      </object_component>
      <object_component id="oc-336">
         <name>.debug_info</name>
         <load_address>0x17446</load_address>
         <run_address>0x17446</run_address>
         <size>0x22a</size>
         <input_file_ref idref="fl-ea"/>
      </object_component>
      <object_component id="oc-403">
         <name>.debug_info</name>
         <load_address>0x17670</load_address>
         <run_address>0x17670</run_address>
         <size>0x295</size>
         <input_file_ref idref="fl-eb"/>
      </object_component>
      <object_component id="oc-3a9">
         <name>.debug_info</name>
         <load_address>0x17905</load_address>
         <run_address>0x17905</run_address>
         <size>0x195</size>
         <input_file_ref idref="fl-eb"/>
      </object_component>
      <object_component id="oc-3bd">
         <name>.debug_info</name>
         <load_address>0x17a9a</load_address>
         <run_address>0x17a9a</run_address>
         <size>0x28f</size>
         <input_file_ref idref="fl-ec"/>
      </object_component>
      <object_component id="oc-308">
         <name>.debug_info</name>
         <load_address>0x17d29</load_address>
         <run_address>0x17d29</run_address>
         <size>0x15a</size>
         <input_file_ref idref="fl-ec"/>
      </object_component>
      <object_component id="oc-408">
         <name>.debug_info</name>
         <load_address>0x17e83</load_address>
         <run_address>0x17e83</run_address>
         <size>0x46</size>
         <input_file_ref idref="fl-ec"/>
      </object_component>
      <object_component id="oc-3b8">
         <name>.debug_info</name>
         <load_address>0x17ec9</load_address>
         <run_address>0x17ec9</run_address>
         <size>0x39</size>
         <input_file_ref idref="fl-ec"/>
      </object_component>
      <object_component id="oc-382">
         <name>.debug_info</name>
         <load_address>0x17f02</load_address>
         <run_address>0x17f02</run_address>
         <size>0x134</size>
         <input_file_ref idref="fl-ed"/>
      </object_component>
      <object_component id="oc-a1">
         <name>.debug_info</name>
         <load_address>0x18036</load_address>
         <run_address>0x18036</run_address>
         <size>0x147</size>
[...]
         <name>AltitudeResult</name>
         <value>0x20001640</value>
      </symbol>
      <symbol id="sm-2b2">
         <name>r_distance</name>
         <value>0x20001688</value>
         <object_component_ref idref="oc-112"/>
      </symbol>
      <symbol id="sm-2b3">
         <name>torad</name>
         <value>0x1e5d</value>
         <object_component_ref idref="oc-f6"/>
      </symbol>
      <symbol id="sm-2b4">
         <name>float_string</name>
         <value>0x223d</value>
         <object_component_ref idref="oc-f6"/>
      </symbol>
      <symbol id="sm-2b5">
         <name>dis</name>
         <value>0x1c81</value>
         <object_component_ref idref="oc-f6"/>
      </symbol>
      <symbol id="sm-2b6">
         <name>DATAflag</name>
         <value>0x20001690</value>
         <object_component_ref idref="oc-112"/>
      </symbol>
      <symbol id="sm-2b7">
         <name>distance_g</name>
         <value>0x1ea9</value>
         <object_component_ref idref="oc-f6"/>
      </symbol>
      <symbol id="sm-2b8">
         <name>tostring</name>
         <value>0x21c5</value>
         <object_component_ref idref="oc-f6"/>
      </symbol>
      <symbol id="sm-2b9">
         <name>get_distance</name>
         <value>0x2065</value>
         <object_component_ref idref="oc-f6"/>
      </symbol>
      <symbol id="sm-2ba">
         <name>readGPSs</name>
         <value>0x1955</value>
         <object_component_ref idref="oc-f6"/>
      </symbol>
      <symbol id="sm-2bb">
         <name>readGPSa</name>
         <value>0x15dd</value>
         <object_component_ref idref="oc-f6"/>
      </symbol>
      <symbol id="sm-2fe">
         <name>i_s</name>
         <value>0x6255</value>
         <object_component_ref idref="oc-f0"/>
      </symbol>
      <symbol id="sm-2ff">
         <name>LCD_displayCharacter</name>
         <value>0x60f9</value>
         <object_component_ref idref="oc-f0"/>
      </symbol>
      <symbol id="sm-300">
         <name>LCD_displayString</name>
         <value>0x6187</value>
         <object_component_ref idref="oc-f0"/>
      </symbol>
      <symbol id="sm-301">
         <name>LCD_sendCommand</name>
         <value>0x6061</value>
         <object_component_ref idref="oc-f0"/>
      </symbol>
      <symbol id="sm-302">
         <name>LCD_intgerToString</name>
         <value>0x6215</value>
         <object_component_ref idref="oc-f0"/>
      </symbol>
      <symbol id="sm-303">
         <name>LCD_clearScreen</name>
         <value>0x60ef</value>
         <object_component_ref idref="oc-f0"/>
      </symbol>
      <symbol id="sm-304">
         <name>LCD_init</name>
         <value>0x5fdd</value>
         <object_component_ref idref="oc-f0"/>
      </symbol>
      <symbol id="sm-305">
         <name>LCD_goToRowColumn</name>
         <value>0x61b7</value>
         <object_component_ref idref="oc-f0"/>
      </symbol>
      <symbol id="sm-33c">
         <name>main</name>
         <value>0x6ce5</value>
         <object_component_ref idref="oc-ac"/>
      </symbol>
      <symbol id="sm-366">
         <name>SSI_Write</name>
         <value>0x799b</value>
         <object_component_ref idref="oc-186"/>
      </symbol>
      <symbol id="sm-367">
         <name>SSI_Read</name>
         <value>0x79cb</value>
         <object_component_ref idref="oc-186"/>
      </symbol>
      <symbol id="sm-368">
         <name>SPI_DisableChipSelect</name>
         <value>0x78e1</value>
         <object_component_ref idref="oc-186"/>
      </symbol>
      <symbol id="sm-369">
         <name>SPI_EnableChipSelect</name>
         <value>0x78d5</value>
         <object_component_ref idref="oc-186"/>
      </symbol>
      <symbol id="sm-36a">
         <name>init_SSI0</name>
         <value>0x78ed</value>
         <object_component_ref idref="oc-186"/>
      </symbol>
      <symbol id="sm-39a">
         <name>Systick_setCallBack</name>
         <value>0x7dd3</value>
         <object_component_ref idref="oc-74"/>
      </symbol>
      <symbol id="sm-39b">
         <name>SysTick_Handler</name>
         <value>0x7dc3</value>
         <object_component_ref idref="oc-74"/>
      </symbol>
      <symbol id="sm-39c">
         <name>wait_ms</name>
         <value>0x7d59</value>
         <object_component_ref idref="oc-74"/>
      </symbol>
      <symbol id="sm-39d">
         <name>delay_s</name>
         <value>0x7ce3</value>
         <object_component_ref idref="oc-74"/>
      </symbol>
      <symbol id="sm-39e">
         <name>wait_5ms</name>
         <value>0x7d9f</value>
         <object_component_ref idref="oc-74"/>
      </symbol>
      <symbol id="sm-39f">
         <name>delay_5ms</name>
         <value>0x7d7d</value>
         <object_component_ref idref="oc-74"/>
      </symbol>
      <symbol id="sm-3a0">
         <name>wait_s</name>
         <value>0x7d13</value>
         <object_component_ref idref="oc-74"/>
      </symbol>
      <symbol id="sm-3a1">
         <name>delay_ms</name>
         <value>0x7d37</value>
         <object_component_ref idref="oc-74"/>
      </symbol>
      <symbol id="sm-3a2">
         <name>SysTick_Init</name>
         <value>0x7cc9</value>
         <object_component_ref idref="oc-74"/>
      </symbol>
      <symbol id="sm-3be">
         <name>ResetISR</name>
         <value>0x8d99</value>
         <object_component_ref idref="oc-27"/>
      </symbol>
      <symbol id="sm-3bf">
         <name>g_pfnVectors</name>
         <value>0x0</value>
         <object_component_ref idref="oc-12"/>
      </symbol>
      <symbol id="sm-499">
         <name>UART_sendByte</name>
         <value>0x2c49</value>
         <object_component_ref idref="oc-e4"/>
      </symbol>
      <symbol id="sm-49a">
         <name>UART0_str</name>
         <value>0x2e61</value>
         <object_component_ref idref="oc-e4"/>
      </symbol>
      <symbol id="sm-49b">
         <name>UART0_RxString</name>
         <value>0x2ebd</value>
         <object_component_ref idref="oc-e4"/>
      </symbol>
      <symbol id="sm-49c">
         <name>UART_recieveByte</name>
         <value>0x2d49</value>
         <object_component_ref idref="oc-e4"/>
      </symbol>
      <symbol id="sm-49d">
         <name>UART_receiveString</name>
         <value>0x2f4d</value>
         <object_component_ref idref="oc-e4"/>
      </symbol>
      <symbol id="sm-49e">
         <name>UART0_Tx</name>
         <value>0x2e39</value>
         <object_component_ref idref="oc-e4"/>
      </symbol>
      <symbol id="sm-49f">
         <name>UART_init</name>
         <value>0x22ed</value>
         <object_component_ref idref="oc-e4"/>
      </symbol>
      <symbol id="sm-4a0">
         <name>UART_sendString</name>
         <value>0x2e81</value>
         <object_component_ref idref="oc-e4"/>
      </symbol>
      <symbol id="sm-4a1">
         <name>UART0_RxChar</name>
         <value>0x2ead</value>
         <object_component_ref idref="oc-e4"/>
      </symbol>
      <symbol id="sm-4c8">
         <name>sprintf</name>
         <value>0x8b09</value>
         <object_component_ref idref="oc-191"/>
      </symbol>
      <symbol id="sm-500">
         <name>asinl</name>
         <value>0x63b5</value>
         <object_component_ref idref="oc-1e6"/>
      </symbol>
      <symbol id="sm-501">
         <name>asin</name>
         <value>0x63b5</value>
         <object_component_ref idref="oc-1e6"/>
      </symbol>
      <symbol id="sm-53b">
         <name>atan2</name>
         <value>0x6f1d</value>
         <object_component_ref idref="oc-1da"/>
      </symbol>
      <symbol id="sm-53c">
         <name>atan2l</name>
         <value>0x6f1d</value>
         <object_component_ref idref="oc-1da"/>
      </symbol>
      <symbol id="sm-5c8">
         <name>pow</name>
         <value>0x3a41</value>
         <object_component_ref idref="oc-1e0"/>
      </symbol>
      <symbol id="sm-5c9">
         <name>powl</name>
         <value>0x3a41</value>
         <object_component_ref idref="oc-1e0"/>
      </symbol>
      <symbol id="sm-5eb">
         <name>sqrtl</name>
         <value>0x7a35</value>
         <object_component_ref idref="oc-1d4"/>
      </symbol>
      <symbol id="sm-5ec">
         <name>sqrt</name>
         <value>0x7a35</value>
         <object_component_ref idref="oc-1d4"/>
      </symbol>
      <symbol id="sm-622">
         <name>atanl</name>
         <value>0x6789</value>
         <object_component_ref idref="oc-29f"/>
      </symbol>
      <symbol id="sm-623">
         <name>atan</name>
         <value>0x6789</value>
         <object_component_ref idref="oc-29f"/>
      </symbol>
      <symbol id="sm-674">
         <name>cosl</name>
         <value>0x5129</value>
         <object_component_ref idref="oc-1ce"/>
      </symbol>
      <symbol id="sm-675">
         <name>cos</name>
         <value>0x5129</value>
         <object_component_ref idref="oc-1ce"/>
      </symbol>
      <symbol id="sm-69c">
         <name>scalbn</name>
         <value>0x805d</value>
         <object_component_ref idref="oc-2aa"/>
      </symbol>
      <symbol id="sm-69d">
         <name>scalbnl</name>
         <value>0x805d</value>
         <object_component_ref idref="oc-2aa"/>
      </symbol>
      <symbol id="sm-69e">
         <name>ldexpl</name>
         <value>0x805d</value>
         <object_component_ref idref="oc-2aa"/>
      </symbol>
      <symbol id="sm-69f">
         <name>ldexp</name>
         <value>0x805d</value>
         <object_component_ref idref="oc-2aa"/>
      </symbol>
      <symbol id="sm-6ef">
         <name>sin</name>
         <value>0x4b49</value>
         <object_component_ref idref="oc-1c8"/>
      </symbol>
      <symbol id="sm-6f0">
         <name>sinl</name>
         <value>0x4b49</value>
         <object_component_ref idref="oc-1c8"/>
      </symbol>
      <symbol id="sm-707">
         <name>__aeabi_dsub</name>
         <value>0x72d1</value>
         <object_component_ref idref="oc-17a"/>
      </symbol>
      <symbol id="sm-708">
         <name>__aeabi_dadd</name>
         <value>0x72db</value>
         <object_component_ref idref="oc-17a"/>
      </symbol>
      <symbol id="sm-72a">
         <name>__aeabi_cdcmpeq</name>
         <value>0x8545</value>
         <object_component_ref idref="oc-fc"/>
      </symbol>
      <symbol id="sm-72b">
         <name>__aeabi_cdcmple</name>
         <value>0x8545</value>
         <object_component_ref idref="oc-fc"/>
      </symbol>
      <symbol id="sm-72c">
         <name>__aeabi_cdrcmple</name>
         <value>0x85cb</value>
         <object_component_ref idref="oc-107"/>
      </symbol>
      <symbol id="sm-740">
         <name>__aeabi_ddiv</name>
         <value>0x7e01</value>
         <object_component_ref idref="oc-1b1"/>
      </symbol>
      <symbol id="sm-74b">
         <name>__aeabi_dmul</name>
         <value>0x816d</value>
         <object_component_ref idref="oc-17f"/>
      </symbol>
      <symbol id="sm-755">
         <name>__aeabi_d2iz</name>
         <value>0x8a39</value>
         <object_component_ref idref="oc-1b6"/>
      </symbol>
      <symbol id="sm-761">
         <name>__aeabi_d2f</name>
         <value>0x87b5</value>
         <object_component_ref idref="oc-1c3"/>
      </symbol>
      <symbol id="sm-76b">
         <name>__aeabi_d2uiz</name>
         <value>0x8ac5</value>
         <object_component_ref idref="oc-175"/>
      </symbol>
      <symbol id="sm-775">
         <name>__aeabi_i2d</name>
         <value>0x8bfd</value>
         <object_component_ref idref="oc-1bb"/>
      </symbol>
      <symbol id="sm-790">
         <name>memcpy</name>
         <value>0x8413</value>
         <object_component_ref idref="oc-41"/>
      </symbol>
      <symbol id="sm-791">
         <name>__aeabi_memcpy</name>
         <value>0x8413</value>
         <object_component_ref idref="oc-41"/>
      </symbol>
      <symbol id="sm-792">
         <name>__aeabi_memcpy8</name>
         <value>0x8413</value>
         <object_component_ref idref="oc-41"/>
      </symbol>
      <symbol id="sm-793">
         <name>__aeabi_memcpy4</name>
         <value>0x8413</value>
         <object_component_ref idref="oc-41"/>
      </symbol>
      <symbol id="sm-79d">
         <name>__aeabi_ui2d</name>
         <value>0x8c79</value>
         <object_component_ref idref="oc-170"/>
      </symbol>
      <symbol id="sm-7af">
         <name>__TI_zero_init</name>
         <value>0x8d8d</value>
         <object_component_ref idref="oc-53"/>
      </symbol>
      <symbol id="sm-7c6">
         <name>__TI_decompress_none</name>
         <value>0x8d7f</value>
         <object_component_ref idref="oc-1b"/>
      </symbol>
      <symbol id="sm-7e9">
         <name>__TI_decompress_lzss</name>
         <value>0x8823</value>
         <object_component_ref idref="oc-15"/>
      </symbol>
      <symbol id="sm-7f6">
         <name>atof</name>
         <value>0x8d5b</value>
         <object_component_ref idref="oc-1ab"/>
      </symbol>
      <symbol id="sm-806">
         <name>strcat</name>
         <value>0x8c99</value>
         <object_component_ref idref="oc-1ec"/>
      </symbol>
      <symbol id="sm-815">
         <name>strcmp</name>
         <value>0x8d05</value>
         <object_component_ref idref="oc-1a5"/>
      </symbol>
      <symbol id="sm-823">
         <name>strcpy</name>
         <value>0x8d33</value>
         <object_component_ref idref="oc-19f"/>
      </symbol>
      <symbol id="sm-831">
         <name>strlen</name>
         <value>0x8d47</value>
         <object_component_ref idref="oc-1f9"/>
      </symbol>
      <symbol id="sm-891">
         <name>strtold</name>
         <value>0x5b7d</value>
         <object_component_ref idref="oc-26e"/>
      </symbol>
      <symbol id="sm-892">
         <name>strtod</name>
         <value>0x5b7d</value>
         <object_component_ref idref="oc-26e"/>
      </symbol>
      <symbol id="sm-8aa">
         <name>strtok</name>
         <value>0x8b49</value>
         <object_component_ref idref="oc-199"/>
      </symbol>
      <symbol id="sm-910">
         <name>__kernel_rem_pio2</name>
         <value>0x4411</value>
         <object_component_ref idref="oc-282"/>
      </symbol>
      <symbol id="sm-926">
         <name>__aeabi_errno_addr</name>
         <value>0x8db1</value>
         <object_component_ref idref="oc-297"/>
      </symbol>
      <symbol id="sm-927">
         <name>errno</name>
         <value>0x200016ac</value>
         <object_component_ref idref="oc-351"/>
      </symbol>
      <symbol id="sm-93a">
         <name>__stack</name>
         <value>0x20000000</value>
         <object_component_ref idref="oc-24"/>
      </symbol>
      <symbol id="sm-93b">
         <name>_c_int00_noargs</name>
         <value>0x8bc9</value>
         <object_component_ref idref="oc-5f"/>
      </symbol>
      <symbol id="sm-aa0">
         <name>__TI_printfi</name>
         <value>0x2ff1</value>
         <object_component_ref idref="oc-23e"/>
      </symbol>
      <symbol id="sm-aaa">
         <name>copysign</name>
         <value>0x8cd3</value>
         <object_component_ref idref="oc-360"/>
      </symbol>
      <symbol id="sm-aab">
         <name>copysignl</name>
         <value>0x8cd3</value>
         <object_component_ref idref="oc-360"/>
      </symbol>
      <symbol id="sm-ac1">
         <name>__kernel_cos</name>
         <value>0x75fd</value>
         <object_component_ref idref="oc-288"/>
      </symbol>
      <symbol id="sm-ad8">
         <name>__kernel_sin</name>
         <value>0x7489</value>
         <object_component_ref idref="oc-27c"/>
      </symbol>
      <symbol id="sm-af5">
         <name>floorl</name>
         <value>0x8269</value>
         <object_component_ref idref="oc-335"/>
      </symbol>
      <symbol id="sm-af6">
         <name>floor</name>
         <value>0x8269</value>
         <object_component_ref idref="oc-335"/>
      </symbol>
      <symbol id="sm-b0c">
         <name>frexpl</name>
         <value>0x888d</value>
         <object_component_ref idref="oc-3a8"/>
      </symbol>
      <symbol id="sm-b0d">
         <name>frexp</name>
         <value>0x888d</value>
         <object_component_ref idref="oc-3a8"/>
      </symbol>
      <symbol id="sm-b26">
         <name>wcslen</name>
         <value>0x8d6d</value>
         <object_component_ref idref="oc-306"/>
      </symbol>
      <symbol id="sm-b33">
         <name>__aeabi_uldivmod</name>
         <value>0x84af</value>
         <object_component_ref idref="oc-381"/>
      </symbol>
      <symbol id="sm-b42">
         <name>__aeabi_memset</name>
         <value>0x86cf</value>
         <object_component_ref idref="oc-a0"/>
      </symbol>
      <symbol id="sm-b43">
         <name>memset</name>
         <value>0x86d5</value>
         <object_component_ref idref="oc-a0"/>
      </symbol>
      <symbol id="sm-b44">
         <name>__aeabi_memset8</name>
         <value>0x86cf</value>
         <object_component_ref idref="oc-a0"/>
      </symbol>
      <symbol id="sm-b45">
         <name>__aeabi_memset4</name>
         <value>0x86cf</value>
         <object_component_ref idref="oc-a0"/>
      </symbol>
      <symbol id="sm-b46">
         <name>__aeabi_memclr8</name>
         <value>0x86cd</value>
         <object_component_ref idref="oc-a0"/>
      </symbol>
      <symbol id="sm-b47">
         <name>__aeabi_memclr4</name>
         <value>0x86cd</value>
         <object_component_ref idref="oc-a0"/>
      </symbol>
      <symbol id="sm-b48">
         <name>__aeabi_memclr</name>
         <value>0x86cd</value>
         <object_component_ref idref="oc-a0"/>
      </symbol>
      <symbol id="sm-b70">
         <name>__TI_auto_init_nobinit_nopinit</name>
         <value>0x8a81</value>
         <object_component_ref idref="oc-12d"/>
      </symbol>
      <symbol id="sm-b7a">
         <name>_system_pre_init</name>
         <value>0x8db9</value>
         <object_component_ref idref="oc-a6"/>
      </symbol>
      <symbol id="sm-b86">
         <name>C$$EXIT</name>
         <value>0x8dbd</value>
         <object_component_ref idref="oc-121"/>
      </symbol>
      <symbol id="sm-b87">
         <name>abort</name>
         <value>0x8dbd</value>
         <object_component_ref idref="oc-121"/>
      </symbol>
      <symbol id="sm-b97">
         <name>__TI_ltoa</name>
         <value>0x8947</value>
         <object_component_ref idref="oc-387"/>
      </symbol>
      <symbol id="sm-bae">
         <name>atoi</name>
         <value>0x89ed</value>
         <object_component_ref idref="oc-2dc"/>
      </symbol>
      <symbol id="sm-bb9">
         <name>_ctypes_</name>
         <value>0x8f18</value>
         <object_component_ref idref="oc-328"/>
      </symbol>
      <symbol id="sm-bc9">
         <name>memccpy</name>
         <value>0x8cb7</value>
         <object_component_ref idref="oc-300"/>
      </symbol>
      <symbol id="sm-bd9">
         <name>strchr</name>
         <value>0x8d1d</value>
         <object_component_ref idref="oc-3ae"/>
      </symbol>
      <symbol id="sm-bea">
         <name>strcspn</name>
         <value>0x8c55</value>
         <object_component_ref idref="oc-25f"/>
      </symbol>
      <symbol id="sm-bfc">
         <name>strspn</name>
         <value>0x8c2b</value>
         <object_component_ref idref="oc-259"/>
      </symbol>
      <symbol id="sm-c06">
         <name>__aeabi_idiv0</name>
         <value>0x3a3f</value>
         <object_component_ref idref="oc-3f6"/>
      </symbol>
      <symbol id="sm-c07">
         <name>__aeabi_ldiv0</name>
         <value>0x3a3f</value>
         <object_component_ref idref="oc-3f6"/>
      </symbol>
      <symbol id="sm-c08">
         <name>__TI_static_base__</name>
         <value>0x0</value>
      </symbol>
      <symbol id="sm-c0b">
         <name>__mpu_init</name>
         <value>0x0</value>
      </symbol>
      <symbol id="sm-c0c">
         <name>_system_post_cinit</name>
         <value>0x0</value>
      </symbol>
   </symbol_table>
   <title>Link successful</title>
</link_info>
