******************************************************************************
                  TI ARM Linker PC v20.2.5                     
******************************************************************************
>> Linked Sat Jun  5 19:40:29 2021

OUTPUT FILE NAME:   <Fisrt Delivery.out>
ENTRY POINT SYMBOL: "_c_int00_noargs"  address: 00008bc9


MEMORY CONFIGURATION

         name            origin    length      used     unused   attr    fill
----------------------  --------  ---------  --------  --------  ----  --------
  FLASH                 00000000   00040000  000091f8  00036e08  R  X
  SRAM                  20000000   00032000  000016b2  0003094e  RW X


SEGMENT ALLOCATION MAP

run origin  load origin   length   init length attrs members
----------  ----------- ---------- ----------- ----- -------
00000000    00000000    000091f8   000091f8    r-x
  00000000    00000000    0000026c   0000026c    r-- .intvecs
  0000026c    0000026c    00008b54   00008b54    r-x .text
  00008dc0    00008dc0    00000400   00000400    r-- .const
  000091c0    000091c0    00000038   00000038    r-- .cinit
20000000    20000000    000016b9   00000000    rw-
  20000000    20000000    00000fa0   00000000    rw- .stack
  20000fa0    20000fa0    000006e1   00000000    rw- .bss
  20001688    20001688    00000031   00000000    rw- .data


SECTION ALLOCATION MAP

 output                                  attributes/
section   page    origin      length       input sections
--------  ----  ----------  ----------   ----------------
.intvecs   0    00000000    0000026c     
                  00000000    0000026c     tm4c123gh6pm_startup_ccs.obj (.intvecs)

.text      0    0000026c    00008b54     
                  0000026c    00001370     FAT32.obj (.text)
                  000015dc    00000d10     gps.obj (.text)
                  000022ec    00000d04     uart.obj (.text)
                  00002ff0    00000a4e     rtsv7M4_T_le_v4SPD16_eabi.lib : _printfi.c.obj (.text:__TI_printfi)
                  00003a3e    00000002                                   : div0.asm.obj (.text)
                  00003a40    000009d0                                   : e_pow.c.obj (.text:pow)
                  00004410    00000738                                   : k_rem_pio2.c.obj (.text:__kernel_rem_pio2)
                  00004b48    000005e0                                   : s_sin.c.obj (.text:sin)
                  00005128    000005dc                                   : s_cos.c.obj (.text:cos)
                  00005704    00000478     SD.obj (.text)
                  00005b7c    00000460     rtsv7M4_T_le_v4SPD16_eabi.lib : strtod.c.obj (.text:strtod)
                  00005fdc    000003d8     lcd.obj (.text)
                  000063b4    000003d4     rtsv7M4_T_le_v4SPD16_eabi.lib : e_asin.c.obj (.text:asin)
                  00006788    000002ec                                   : s_atan.c.obj (.text:atan)
                  00006a74    00000270                                   : _printfi.c.obj (.text:_pconv_a)
                  00006ce4    00000238     main.obj (.text)
                  00006f1c    000001e4     rtsv7M4_T_le_v4SPD16_eabi.lib : e_atan2.c.obj (.text:atan2)
                  00007100    000001d0                                   : _printfi.c.obj (.text:_pconv_g)
                  000072d0    000001b6                                   : fd_add_t2.asm.obj (.text)
                  00007486    00000002     --HOLE-- [fill = 0]
                  00007488    00000174                                   : k_sin.c.obj (.text:__kernel_sin)
                  000075fc    00000170                                   : k_cos.c.obj (.text:__kernel_cos)
                  0000776c    00000168     gpio.obj (.text)
                  000078d4    00000160     spi.obj (.text)
                  00007a34    00000158     rtsv7M4_T_le_v4SPD16_eabi.lib : e_sqrt.c.obj (.text:sqrt)
                  00007b8c    0000013c                                   : _printfi.c.obj (.text:_pconv_e)
                  00007cc8    00000138     systick.obj (.text)
                  00007e00    00000136     rtsv7M4_T_le_v4SPD16_eabi.lib : fd_div_t2.asm.obj (.text)
                  00007f36    00000002     --HOLE-- [fill = 0]
                  00007f38    00000124                                   : _printfi.c.obj (.text:fcvt)
                  0000805c    00000110                                   : s_scalbn.c.obj (.text:scalbn)
                  0000816c    000000fc                                   : fd_mul_t2.asm.obj (.text)
                  00008268    000000f8                                   : s_floor.c.obj (.text:floor)
                  00008360    000000b1                                   : _printfi.c.obj (.text:_ltostr)
                  00008411    00000001     --HOLE-- [fill = 0]
                  00008412    0000009c                                   : memcpy_t2.asm.obj (.text)
                  000084ae    00000096                                   : ull_div_t2.asm.obj (.text)
                  00008544    00000086                                   : fd_cmp_t2.asm.obj (.text:__aeabi_cdcmple)
                  000085ca    00000086                                   : fd_cmp_t2.asm.obj (.text:__aeabi_cdrcmple)
                  00008650    0000007c     PLL.obj (.text)
                  000086cc    0000007a     rtsv7M4_T_le_v4SPD16_eabi.lib : memset_t2.asm.obj (.text)
                  00008746    0000006e                                   : _printfi.c.obj (.text:_mcpy)
                  000087b4    0000006e                                   : fd_tos_t2.asm.obj (.text)
                  00008822    00000068                                   : copy_decompress_lzss.c.obj (.text:decompress:lzss:__TI_decompress_lzss)
                  0000888a    00000002     --HOLE-- [fill = 0]
                  0000888c    00000064                                   : s_frexp.c.obj (.text:frexp)
                  000088f0    00000056                                   : _printfi.c.obj (.text:_pconv_f)
                  00008946    00000054                                   : _ltoa.c.obj (.text:__TI_ltoa)
                  0000899a    00000052                                   : _printfi.c.obj (.text:_ecpy)
                  000089ec    0000004c                                   : atoi.c.obj (.text:atoi)
                  00008a38    00000048                                   : fd_toi_t2.asm.obj (.text)
                  00008a80    00000044                                   : autoinit.c.obj (.text:__TI_auto_init_nobinit_nopinit:__TI_auto_init_nobinit_nopinit)
                  00008ac4    00000044                                   : fd_tou_t2.asm.obj (.text)
                  00008b08    00000040                                   : sprintf.c.obj (.text:sprintf)
                  00008b48    00000040                                   : strtok.c.obj (.text:strtok)
                  00008b88    0000003e                                   : _printfi.c.obj (.text:_fcpy)
                  00008bc6    00000002     --HOLE-- [fill = 0]
                  00008bc8    00000034                                   : boot_cortex_m.c.obj (.text:_c_int00_noargs:_c_int00_noargs)
                  00008bfc    0000002e                                   : i_tofd_t2.asm.obj (.text)
                  00008c2a    0000002a                                   : strspn.c.obj (.text:strspn)
                  00008c54    00000024                                   : strcspn.c.obj (.text:strcspn)
                  00008c78    00000020                                   : u_tofd_t2.asm.obj (.text)
                  00008c98    0000001e                                   : strcat.c.obj (.text:strcat)
                  00008cb6    0000001c                                   : memccpy.c.obj (.text:memccpy)
                  00008cd2    0000001a                                   : s_copysign.c.obj (.text:copysign)
                  00008cec    00000018                                   : sprintf.c.obj (.text:_outs)
                  00008d04    00000018                                   : strcmp.c.obj (.text:strcmp)
                  00008d1c    00000016                                   : strchr.c.obj (.text:strchr)
                  00008d32    00000014                                   : strcpy.c.obj (.text:strcpy)
                  00008d46    00000014                                   : strlen.c.obj (.text:strlen)
                  00008d5a    00000012                                   : atof.c.obj (.text:atof)
                  00008d6c    00000012                                   : wcslen.c.obj (.text:wcslen)
                  00008d7e    0000000e                                   : copy_decompress_none.c.obj (.text:decompress:none:__TI_decompress_none)
                  00008d8c    0000000c                                   : copy_zero_init.c.obj (.text:decompress:ZI:__TI_zero_init)
                  00008d98    0000000c     tm4c123gh6pm_startup_ccs.obj (.text)
                  00008da4    0000000a     rtsv7M4_T_le_v4SPD16_eabi.lib : sprintf.c.obj (.text:_outc)
                  00008dae    00000002     --HOLE-- [fill = 0]
                  00008db0    00000008                                   : errno.c.obj (.text:__aeabi_errno_addr)
                  00008db8    00000004                                   : pre_init.c.obj (.text:_system_pre_init)
                  00008dbc    00000004                                   : exit.c.obj (.text:abort:abort)

.const     0    00008dc0    00000400     
                  00008dc0    00000158     rtsv7M4_T_le_v4SPD16_eabi.lib : k_rem_pio2.c.obj (.const:$O1$$)
                  00008f18    00000101                                   : ctype.c.obj (.const:.string:_ctypes_)
                  00009019    00000007     --HOLE-- [fill = 0]
                  00009020    000000c8                                   : strtod.c.obj (.const:$O1$$)
                  000090e8    00000098                                   : s_atan.c.obj (.const:$O1$$)
                  00009180    00000030                                   : e_pow.c.obj (.const:$O1$$)
                  000091b0    00000008     main.obj (.const:$P$T0$1)
                  000091b8    00000008     main.obj (.const:$P$T1$2)

.cinit     0    000091c0    00000038     
                  000091c0    00000014     (.cinit..data.load) [load image, compression = lzss]
                  000091d4    0000000c     (__TI_handler_table)
                  000091e0    00000008     (.cinit..bss.load) [load image, compression = zero_init]
                  000091e8    00000010     (__TI_cinit_table)

.init_array 
*          0    00000000    00000000     UNINITIALIZED

.bss       0    20000fa0    000006e1     UNINITIALIZED
                  20000fa0    00000480     (.common:fatMappingTable)
                  20001420    00000200     (.common:GlobalBuffer)
                  20001620    00000020     gps.obj (.bss:arr)
                  20001640    0000000c     (.common:AltitudeResult)
                  2000164c    0000000c     (.common:latitudeResult)
                  20001658    0000000c     (.common:longitudeResult)
                  20001664    00000006     FAT32.obj (.bss)
                  2000166a    00000002     (.common:bytesPerSector)
                  2000166c    00000004     (.common:firstDataSector)
                  20001670    00000004     (.common:rootCluster)
                  20001674    00000004     (.common:totalClusters)
                  20001678    00000004     (.common:unusedSectors)
                  2000167c    00000002     (.common:reservedSectorCount)
                  2000167e    00000002     (.common:sectorPerCluster)
                  20001680    00000001     (.common:freeClusterCountUpdated)

.data      0    20001688    00000031     UNINITIALIZED
                  20001688    00000014     gps.obj (.data)
                  2000169c    00000008     FAT32.obj (.data)
                  200016a4    00000008     SD.obj (.data)
                  200016ac    00000004     rtsv7M4_T_le_v4SPD16_eabi.lib : errno.c.obj (.data)
                  200016b0    00000004                                   : strtok.c.obj (.data)
                  200016b4    00000004     systick.obj (.data)
                  200016b8    00000001     gpio.obj (.data)

.stack     0    20000000    00000fa0     UNINITIALIZED
                  20000000    00000004     rtsv7M4_T_le_v4SPD16_eabi.lib : boot_cortex_m.c.obj (.stack)
                  20000004    00000f9c     --HOLE--

__llvm_prf_cnts 
*          0    20000000    00000000     UNINITIALIZED

MODULE SUMMARY

       Module                         code    ro data   rw data
       ------                         ----    -------   -------
    .\
       FAT32.obj                      4976    0         1701   
       gps.obj                        3344    0         88     
       uart.obj                       3332    0         0      
       SD.obj                         1144    0         8      
       lcd.obj                        984     0         0      
       tm4c123gh6pm_startup_ccs.obj   12      620       0      
       main.obj                       568     16        0      
       gpio.obj                       360     0         1      
       spi.obj                        352     0         0      
       systick.obj                    312     0         4      
       PLL.obj                        124     0         0      
    +--+------------------------------+-------+---------+---------+
       Total:                         15508   636       1802   
                                                               
    C:\ti\ccs1031\ccs\tools\compiler\ti-cgt-arm_20.2.5.LTS\lib\rtsv7M4_T_le_v4SPD16_eabi.lib
       _printfi.c.obj                 4851    0         0      
       e_pow.c.obj                    2512    48        0      
       k_rem_pio2.c.obj               1848    344       0      
       s_sin.c.obj                    1504    0         0      
       s_cos.c.obj                    1500    0         0      
       strtod.c.obj                   1120    200       0      
       e_asin.c.obj                   980     0         0      
       s_atan.c.obj                   748     152       0      
       e_atan2.c.obj                  484     0         0      
       fd_add_t2.asm.obj              438     0         0      
       k_sin.c.obj                    372     0         0      
       k_cos.c.obj                    368     0         0      
       e_sqrt.c.obj                   344     0         0      
       fd_div_t2.asm.obj              310     0         0      
       s_scalbn.c.obj                 272     0         0      
       fd_cmp_t2.asm.obj              268     0         0      
       ctype.c.obj                    0       257       0      
       fd_mul_t2.asm.obj              252     0         0      
       s_floor.c.obj                  248     0         0      
       memcpy_t2.asm.obj              156     0         0      
       ull_div_t2.asm.obj             150     0         0      
       memset_t2.asm.obj              122     0         0      
       fd_tos_t2.asm.obj              110     0         0      
       copy_decompress_lzss.c.obj     104     0         0      
       s_frexp.c.obj                  100     0         0      
       sprintf.c.obj                  98      0         0      
       _ltoa.c.obj                    84      0         0      
       atoi.c.obj                     76      0         0      
       fd_toi_t2.asm.obj              72      0         0      
       autoinit.c.obj                 68      0         0      
       fd_tou_t2.asm.obj              68      0         0      
       strtok.c.obj                   64      0         4      
       boot_cortex_m.c.obj            52      0         0      
       i_tofd_t2.asm.obj              46      0         0      
       strspn.c.obj                   42      0         0      
       strcspn.c.obj                  36      0         0      
       u_tofd_t2.asm.obj              32      0         0      
       strcat.c.obj                   30      0         0      
       memccpy.c.obj                  28      0         0      
       s_copysign.c.obj               26      0         0      
       strcmp.c.obj                   24      0         0      
       strchr.c.obj                   22      0         0      
       strcpy.c.obj                   20      0         0      
       strlen.c.obj                   20      0         0      
       atof.c.obj                     18      0         0      
       wcslen.c.obj                   18      0         0      
       copy_decompress_none.c.obj     14      0         0      
       copy_zero_init.c.obj           12      0         0      
       errno.c.obj                    8       0         4      
       exit.c.obj                     4       0         0      
       pre_init.c.obj                 4       0         0      
       div0.asm.obj                   2       0         0      
    +--+------------------------------+-------+---------+---------+
       Total:                         20149   1001      8      
                                                               
       Stack:                         0       0         4000   
       Linker Generated:              0       56        0      
    +--+------------------------------+-------+---------+---------+
       Grand Total:                   35657   1693      5810   


LINKER GENERATED COPY TABLES

__TI_cinit_table @ 000091e8 records: 2, size/record: 8, table size: 16
	.data: load addr=000091c0, load size=00000014 bytes, run addr=20001688, run size=00000031 bytes, compression=lzss
	.bss: load addr=000091e0, load size=00000008 bytes, run addr=20000fa0, run size=000006e1 bytes, compression=zero_init


LINKER GENERATED HANDLER TABLE

__TI_handler_table @ 000091d4 records: 3, size/record: 4, table size: 12
	index: 0, handler: __TI_decompress_lzss
	index: 1, handler: __TI_decompress_none
	index: 2, handler: __TI_zero_init


GLOBAL SYMBOLS: SORTED ALPHABETICALLY BY Name 

address   name                          
-------   ----                          
20001640  AltitudeResult                
00008dbd  C$$EXIT                       
20001690  DATAflag                      
000004df  FILE_Close                    
000004f5  FILE_Delete                   
0000058d  FILE_GetCh                    
00000a35  FILE_GetList                  
00000bbd  FILE_GetMemoryStatics         
0000026d  FILE_Open                     
00000651  FILE_PutCh                    
00000a09  FILE_Putstr                   
00007875  GPIOF_Handler                 
0000776d  GPIOF_Init                    
20001420  GlobalBuffer                  
000060ef  LCD_clearScreen               
000060f9  LCD_displayCharacter          
00006187  LCD_displayString             
000061b7  LCD_goToRowColumn             
00005fdd  LCD_init                      
00006215  LCD_intgerToString            
00006061  LCD_sendCommand               
000077cb  Led_off                       
000077bf  Led_on                        
00008651  PLL_Init                      
00008d99  ResetISR                      
00005705  SD_Init                       
00005847  SD_erase                      
0000589f  SD_readSingleBlock            
00005749  SD_sendCommand                
0000593b  SD_writeSingleBlock           
000078e1  SPI_DisableChipSelect         
000078d5  SPI_EnableChipSelect          
000079cb  SSI_Read                      
0000799b  SSI_Write                     
000077d7  SW1_Int_Interrupt             
00007dc3  SysTick_Handler               
00007cc9  SysTick_Init                  
00007dd3  Systick_setCallBack           
00002ead  UART0_RxChar                  
00002ebd  UART0_RxString                
00002e39  UART0_Tx                      
00002e61  UART0_str                     
000022ed  UART_init                     
00002f4d  UART_receiveString            
00002d49  UART_recieveByte              
00002c49  UART_sendByte                 
00002e81  UART_sendString               
200016a4  V_SdHighcapacityFlag_u8       
20000fa0  __STACK_END                   
00000fa0  __STACK_SIZE                  
20000fa0  __STACK_TOP                   
000091e8  __TI_CINIT_Base               
000091f8  __TI_CINIT_Limit              
000091d4  __TI_Handler_Table_Base       
000091e0  __TI_Handler_Table_Limit      
00008a81  __TI_auto_init_nobinit_nopinit
00008823  __TI_decompress_lzss          
00008d7f  __TI_decompress_none          
00008947  __TI_ltoa                     
ffffffff  __TI_pprof_out_hndl           
00002ff1  __TI_printfi                  
ffffffff  __TI_prof_data_size           
ffffffff  __TI_prof_data_start          
00000000  __TI_static_base__            
00008d8d  __TI_zero_init                
00008545  __aeabi_cdcmpeq               
00008545  __aeabi_cdcmple               
000085cb  __aeabi_cdrcmple              
000087b5  __aeabi_d2f                   
00008a39  __aeabi_d2iz                  
00008ac5  __aeabi_d2uiz                 
000072db  __aeabi_dadd                  
00007e01  __aeabi_ddiv                  
0000816d  __aeabi_dmul                  
000072d1  __aeabi_dsub                  
00008db1  __aeabi_errno_addr            
00008bfd  __aeabi_i2d                   
00003a3f  __aeabi_idiv0                 
00003a3f  __aeabi_ldiv0                 
000086cd  __aeabi_memclr                
000086cd  __aeabi_memclr4               
000086cd  __aeabi_memclr8               
00008413  __aeabi_memcpy                
00008413  __aeabi_memcpy4               
00008413  __aeabi_memcpy8               
000086cf  __aeabi_memset                
000086cf  __aeabi_memset4               
000086cf  __aeabi_memset8               
00008c79  __aeabi_ui2d                  
000084af  __aeabi_uldivmod              
ffffffff  __binit__                     
ffffffff  __c_args__                    
000075fd  __kernel_cos                  
00004411  __kernel_rem_pio2             
00007489  __kernel_sin                  
UNDEFED   __mpu_init                    
20000000  __stack                       
20000000  __start___llvm_prf_cnts       
20000000  __stop___llvm_prf_cnts        
00008bc9  _c_int00_noargs               
00008f18  _ctypes_                      
UNDEFED   _system_post_cinit            
00008db9  _system_pre_init              
00008dbd  abort                         
000063b5  asin                          
000063b5  asinl                         
00006789  atan                          
00006f1d  atan2                         
00006f1d  atan2l                        
00006789  atanl                         
00008d5b  atof                          
000089ed  atoi                          
ffffffff  binit                         
2000166a  bytesPerSector                
0000104d  convertFileName               
00008cd3  copysign                      
00008cd3  copysignl                     
00005129  cos                           
00005129  cosl                          
00007d7d  delay_5ms                     
00007d37  delay_ms                      
00007ce3  delay_s                       
000013db  deletefile                    
00001c81  dis                           
00001ea9  distance_g                    
200016ac  errno                         
00000cb7  extract_DataBySize            
20000fa0  fatMappingTable               
0000158d  file_GetDate                  
00001545  file_GetTime                  
2000166c  firstDataSector               
0000223d  float_string                  
00008269  floor                         
00008269  floorl                        
20001680  freeClusterCountUpdated       
0000135d  freeMemoryUpdate              
0000888d  frexp                         
0000888d  frexpl                        
200016b8  g_Interrupt_Flag              
00000000  g_pfnVectors                  
00000d11  getBootSectorData             
00000e3d  getFirstSector                
00000f09  getSetFreeCluster             
00000e65  getSetNextCluster             
00002065  get_distance                  
200016a8  i                             
00006255  i_s                           
000078ed  init_SSI0                     
00005a29  init_SdCard                   
2000164c  latitudeResult                
0000805d  ldexp                         
0000805d  ldexpl                        
20001658  longitudeResult               
00006ce5  main                          
00008cb7  memccpy                       
00008413  memcpy                        
000086d5  memset                        
000011d1  openFile                      
00003a41  pow                           
00003a41  powl                          
20001688  r_distance                    
000015dd  readGPSa                      
00001955  readGPSs                      
2000167c  reservedSectorCount           
20001670  rootCluster                   
0000805d  scalbn                        
0000805d  scalbnl                       
00000fa5  searchNextFreeCluster         
2000167e  sectorPerCluster              
00004b49  sin                           
00004b49  sinl                          
00008b09  sprintf                       
00007a35  sqrt                          
00007a35  sqrtl                         
00008c99  strcat                        
00008d1d  strchr                        
00008d05  strcmp                        
00008d33  strcpy                        
00008c55  strcspn                       
00008d47  strlen                        
00008c2b  strspn                        
00005b7d  strtod                        
00008b49  strtok                        
00005b7d  strtold                       
00001e5d  torad                         
000021c5  tostring                      
20001674  totalClusters                 
20001678  unusedSectors                 
00007d9f  wait_5ms                      
00007d59  wait_ms                       
00007d13  wait_s                        
00008d6d  wcslen                        


GLOBAL SYMBOLS: SORTED BY Symbol Address 

address   name                          
-------   ----                          
00000000  __TI_static_base__            
00000000  g_pfnVectors                  
0000026d  FILE_Open                     
000004df  FILE_Close                    
000004f5  FILE_Delete                   
0000058d  FILE_GetCh                    
00000651  FILE_PutCh                    
00000a09  FILE_Putstr                   
00000a35  FILE_GetList                  
00000bbd  FILE_GetMemoryStatics         
00000cb7  extract_DataBySize            
00000d11  getBootSectorData             
00000e3d  getFirstSector                
00000e65  getSetNextCluster             
00000f09  getSetFreeCluster             
00000fa0  __STACK_SIZE                  
00000fa5  searchNextFreeCluster         
0000104d  convertFileName               
000011d1  openFile                      
0000135d  freeMemoryUpdate              
000013db  deletefile                    
00001545  file_GetTime                  
0000158d  file_GetDate                  
000015dd  readGPSa                      
00001955  readGPSs                      
00001c81  dis                           
00001e5d  torad                         
00001ea9  distance_g                    
00002065  get_distance                  
000021c5  tostring                      
0000223d  float_string                  
000022ed  UART_init                     
00002c49  UART_sendByte                 
00002d49  UART_recieveByte              
00002e39  UART0_Tx                      
00002e61  UART0_str                     
00002e81  UART_sendString               
00002ead  UART0_RxChar                  
00002ebd  UART0_RxString                
00002f4d  UART_receiveString            
00002ff1  __TI_printfi                  
00003a3f  __aeabi_idiv0                 
00003a3f  __aeabi_ldiv0                 
00003a41  pow                           
00003a41  powl                          
00004411  __kernel_rem_pio2             
00004b49  sin                           
00004b49  sinl                          
00005129  cos                           
00005129  cosl                          
00005705  SD_Init                       
00005749  SD_sendCommand                
00005847  SD_erase                      
0000589f  SD_readSingleBlock            
0000593b  SD_writeSingleBlock           
00005a29  init_SdCard                   
00005b7d  strtod                        
00005b7d  strtold                       
00005fdd  LCD_init                      
00006061  LCD_sendCommand               
000060ef  LCD_clearScreen               
000060f9  LCD_displayCharacter          
00006187  LCD_displayString             
000061b7  LCD_goToRowColumn             
00006215  LCD_intgerToString            
00006255  i_s                           
000063b5  asin                          
000063b5  asinl                         
00006789  atan                          
00006789  atanl                         
00006ce5  main                          
00006f1d  atan2                         
00006f1d  atan2l                        
000072d1  __aeabi_dsub                  
000072db  __aeabi_dadd                  
00007489  __kernel_sin                  
000075fd  __kernel_cos                  
0000776d  GPIOF_Init                    
000077bf  Led_on                        
000077cb  Led_off                       
000077d7  SW1_Int_Interrupt             
00007875  GPIOF_Handler                 
000078d5  SPI_EnableChipSelect          
000078e1  SPI_DisableChipSelect         
000078ed  init_SSI0                     
0000799b  SSI_Write                     
000079cb  SSI_Read                      
00007a35  sqrt                          
00007a35  sqrtl                         
00007cc9  SysTick_Init                  
00007ce3  delay_s                       
00007d13  wait_s                        
00007d37  delay_ms                      
00007d59  wait_ms                       
00007d7d  delay_5ms                     
00007d9f  wait_5ms                      
00007dc3  SysTick_Handler               
00007dd3  Systick_setCallBack           
00007e01  __aeabi_ddiv                  
0000805d  ldexp                         
0000805d  ldexpl                        
0000805d  scalbn                        
0000805d  scalbnl                       
0000816d  __aeabi_dmul                  
00008269  floor                         
00008269  floorl                        
00008413  __aeabi_memcpy                
00008413  __aeabi_memcpy4               
00008413  __aeabi_memcpy8               
00008413  memcpy                        
000084af  __aeabi_uldivmod              
00008545  __aeabi_cdcmpeq               
00008545  __aeabi_cdcmple               
000085cb  __aeabi_cdrcmple              
00008651  PLL_Init                      
000086cd  __aeabi_memclr                
000086cd  __aeabi_memclr4               
000086cd  __aeabi_memclr8               
000086cf  __aeabi_memset                
000086cf  __aeabi_memset4               
000086cf  __aeabi_memset8               
000086d5  memset                        
000087b5  __aeabi_d2f                   
00008823  __TI_decompress_lzss          
0000888d  frexp                         
0000888d  frexpl                        
00008947  __TI_ltoa                     
000089ed  atoi                          
00008a39  __aeabi_d2iz                  
00008a81  __TI_auto_init_nobinit_nopinit
00008ac5  __aeabi_d2uiz                 
00008b09  sprintf                       
00008b49  strtok                        
00008bc9  _c_int00_noargs               
00008bfd  __aeabi_i2d                   
00008c2b  strspn                        
00008c55  strcspn                       
00008c79  __aeabi_ui2d                  
00008c99  strcat                        
00008cb7  memccpy                       
00008cd3  copysign                      
00008cd3  copysignl                     
00008d05  strcmp                        
00008d1d  strchr                        
00008d33  strcpy                        
00008d47  strlen                        
00008d5b  atof                          
00008d6d  wcslen                        
00008d7f  __TI_decompress_none          
00008d8d  __TI_zero_init                
00008d99  ResetISR                      
00008db1  __aeabi_errno_addr            
00008db9  _system_pre_init              
00008dbd  C$$EXIT                       
00008dbd  abort                         
00008f18  _ctypes_                      
000091d4  __TI_Handler_Table_Base       
000091e0  __TI_Handler_Table_Limit      
000091e8  __TI_CINIT_Base               
000091f8  __TI_CINIT_Limit              
20000000  __stack                       
20000000  __start___llvm_prf_cnts       
20000000  __stop___llvm_prf_cnts        
20000fa0  __STACK_END                   
20000fa0  __STACK_TOP                   
20000fa0  fatMappingTable               
20001420  GlobalBuffer                  
20001640  AltitudeResult                
2000164c  latitudeResult                
20001658  longitudeResult               
2000166a  bytesPerSector                
2000166c  firstDataSector               
20001670  rootCluster                   
20001674  totalClusters                 
20001678  unusedSectors                 
2000167c  reservedSectorCount           
2000167e  sectorPerCluster              
20001680  freeClusterCountUpdated       
20001688  r_distance                    
20001690  DATAflag                      
200016a4  V_SdHighcapacityFlag_u8       
200016a8  i                             
200016ac  errno                         
200016b8  g_Interrupt_Flag              
ffffffff  __TI_pprof_out_hndl           
ffffffff  __TI_prof_data_size           
ffffffff  __TI_prof_data_start          
ffffffff  __binit__                     
ffffffff  __c_args__                    
ffffffff  binit                         
UNDEFED   __mpu_init                    
UNDEFED   _system_post_cinit            

[192 symbols]
